<html>
<body>
<pre>
<h1>µVision Build Log</h1>
<h2>Tool Versions:</h2>
IDE-Version: µVision V5.18a
Copyright (C) 2016 ARM Ltd and ARM Germany GmbH. All rights reserved.
License Information: Lab Computer University of Guelph, School of Engineering Flex license: MDK-ARM Professional: 100 user(s) (mdk_pro) Operation stops: 30 Jun 2021
 
Tool Versions:
Toolchain:       MDK-ARM Professional: 100 user(s)  Version: 5.18a
Toolchain Path:  C:\Keil_v5\ARM\ARMCC\Bin
C Compiler:      Armcc.exe V5.06 update 1 (build 61)
Assembler:       Armasm.exe V5.06 update 1 (build 61)
Linker/Locator:  ArmLink.exe V5.06 update 1 (build 61)
Library Manager: ArmAr.exe V5.06 update 1 (build 61)
Hex Converter:   FromElf.exe V5.06 update 1 (build 61)
CPU DLL:         SARMCM3.DLL V5.18a
Dialog DLL:      DCM.DLL V1.13.6.0
Target DLL:      PEMicro\Pemicro_ArmCortexInterface.dll V1.11
Dialog DLL:      TCM.DLL V1.14.8.0
 
<h2>Project:</h2>
C:\Freescale\KSDK_1.2.0\examples\twrk60d100m\engg3640f20labs\Lab5\labtemplateea.uvprojx
Project File Date:  11/23/2020

<h2>Output:</h2>
*** Using Compiler 'V5.06 update 1 (build 61)', folder: 'C:\Keil_v5\ARM\ARMCC\Bin'
Build target 'Target 1'
compiling lab5.c...
lab5.c(227): warning:  #111-D: statement is unreachable
  	return 0;
lab5.c(228): warning:  #1-D: last line of file ends without a newline
  }
lab5.c(175): warning:  #177-D: variable "zero" was declared but never referenced
  	int zero = 192UL;
lab5.c(176): warning:  #177-D: variable "one" was declared but never referenced
  	int one = 249UL;
lab5.c(177): warning:  #177-D: variable "two" was declared but never referenced
  	int two = 164UL;
lab5.c(178): warning:  #177-D: variable "three" was declared but never referenced
  	int three = 176UL;
lab5.c(179): warning:  #177-D: variable "four" was declared but never referenced
  	int four = 153UL;
lab5.c(180): warning:  #177-D: variable "five" was declared but never referenced
  	int five = 146UL;
lab5.c(181): warning:  #177-D: variable "six" was declared but never referenced
  	int six = 130UL;
lab5.c(182): warning:  #177-D: variable "seven" was declared but never referenced
  	int seven = 120UL;
lab5.c(183): warning:  #177-D: variable "eight" was declared but never referenced
  	int eight = 128UL;
lab5.c(184): warning:  #177-D: variable "nine" was declared but never referenced
  	int nine = 152UL;
lab5.c(185): warning:  #177-D: variable "a" was declared but never referenced
  	int a = 136UL;
lab5.c(186): warning:  #177-D: variable "b" was declared but never referenced
  	int b = 131UL;
lab5.c(187): warning:  #177-D: variable "c" was declared but never referenced
  	int c = 198UL;
lab5.c(188): warning:  #177-D: variable "d" was declared but never referenced
  	int d = 161Ul;
lab5.c(189): warning:  #177-D: variable "e" was declared but never referenced
  	int e = 134UL;
lab5.c(190): warning:  #177-D: variable "f" was declared but never referenced
  	int f = 142UL;
lab5.c(191): warning:  #177-D: variable "i" was declared but never referenced
  	int i=0;
lab5.c(192): warning:  #177-D: variable "LD3" was declared but never referenced
  	int LD3 = 1024UL;
lab5.c(193): warning:  #177-D: variable "LD2" was declared but never referenced
  	int LD2 = 512UL;
lab5.c(194): warning:  #177-D: variable "LD1" was declared but never referenced
  	int LD1 = 256UL;
lab5.c(195): warning:  #177-D: variable "dot" was declared but never referenced
  	int dot= 128UL;
lab5.c: 23 warnings, 0 errors
linking...
Program Size: Code=7168 RO-data=1216 RW-data=104 ZI-data=2156  
".\Objects\labtemplateea.axf" - 0 Error(s), 23 Warning(s).

<h2>Collection of Component include folders:</h2>
  C:\Freescale\KSDK_1.2.0\examples\twrk60d100m\engg3640f20labs\Lab5\RTE
  C:\Keil_v5\ARM\PACK\Keil\Kinetis_K60_DFP\1.5.0\Device\Include

<h2>Collection of Component Files used:</h2>
Build Time Elapsed:  00:00:01
</pre>
</body>
</html>
