Component: ARM Compiler 5.06 update 1 (build 61) Tool: armlink [4d35a8]

==============================================================================

Section Cross References

    fsl_misc_utilities.o(i.__aeabi_assert) refers to _printf_percent.o(.ARM.Collect$$_printf_percent$$00000000) for _printf_percent
    fsl_misc_utilities.o(i.__aeabi_assert) refers to _printf_d.o(.ARM.Collect$$_printf_percent$$00000009) for _printf_d
    fsl_misc_utilities.o(i.__aeabi_assert) refers to _printf_s.o(.ARM.Collect$$_printf_percent$$00000014) for _printf_s
    fsl_misc_utilities.o(i.__aeabi_assert) refers to _printf_dec.o(.text) for _printf_int_dec
    fsl_misc_utilities.o(i.__aeabi_assert) refers to _printf_str.o(.text) for _printf_str
    fsl_misc_utilities.o(i.__aeabi_assert) refers to noretval__2printf.o(.text) for __2printf
    fsl_misc_utilities.o(i.assert_func) refers to fsl_debug_console.o(i.debug_printf) for debug_printf
    fsl_debug_console.o(i.DbgConsole_DeInit) refers to fsl_clock_mk60d10.o(i.CLOCK_SYS_DisableUartClock) for CLOCK_SYS_DisableUartClock
    fsl_debug_console.o(i.DbgConsole_DeInit) refers to fsl_debug_console.o(.bss) for s_debugConsole
    fsl_debug_console.o(i.DbgConsole_Init) refers to rt_memcpy_w.o(.text) for __aeabi_memcpy4
    fsl_debug_console.o(i.DbgConsole_Init) refers to fsl_clock_mk60d10.o(i.CLOCK_SYS_EnableUartClock) for CLOCK_SYS_EnableUartClock
    fsl_debug_console.o(i.DbgConsole_Init) refers to fsl_clock_mk60d10.o(i.CLOCK_SYS_GetUartFreq) for CLOCK_SYS_GetUartFreq
    fsl_debug_console.o(i.DbgConsole_Init) refers to fsl_uart_hal.o(i.UART_HAL_SetBaudRate) for UART_HAL_SetBaudRate
    fsl_debug_console.o(i.DbgConsole_Init) refers to fsl_uart_hal.o(i.UART_HAL_SetParityMode) for UART_HAL_SetParityMode
    fsl_debug_console.o(i.DbgConsole_Init) refers to fsl_debug_console.o(.bss) for s_debugConsole
    fsl_debug_console.o(i.DbgConsole_Init) refers to fsl_debug_console.o(.constdata) for .constdata
    fsl_debug_console.o(i.DbgConsole_Init) refers to fsl_uart_hal.o(i.UART_HAL_SendDataPolling) for UART_HAL_SendDataPolling
    fsl_debug_console.o(i.DbgConsole_Init) refers to fsl_uart_hal.o(i.UART_HAL_ReceiveDataPolling) for UART_HAL_ReceiveDataPolling
    fsl_debug_console.o(i.debug_getchar) refers to fsl_debug_console.o(.bss) for s_debugConsole
    fsl_debug_console.o(i.debug_printf) refers to print_scan.o(i._doprint) for _doprint
    fsl_debug_console.o(i.debug_printf) refers to fsl_debug_console.o(.bss) for s_debugConsole
    fsl_debug_console.o(i.debug_printf) refers to fsl_debug_console.o(i.debug_putc) for debug_putc
    fsl_debug_console.o(i.debug_putc) refers to fsl_debug_console.o(.bss) for s_debugConsole
    fsl_debug_console.o(i.debug_putchar) refers to fsl_debug_console.o(i.debug_putc) for debug_putc
    fsl_debug_console.o(i.debug_putchar) refers to fsl_debug_console.o(.bss) for s_debugConsole
    fsl_debug_console.o(i.debug_scanf) refers to fsl_debug_console.o(i.debug_getchar) for debug_getchar
    fsl_debug_console.o(i.debug_scanf) refers to print_scan.o(i.scan_prv) for scan_prv
    fsl_debug_console.o(i.debug_scanf) refers to fsl_debug_console.o(.bss) for s_debugConsole
    fsl_debug_console.o(i.fgetc) refers to fsl_debug_console.o(.bss) for s_debugConsole
    fsl_debug_console.o(i.fputc) refers to fsl_debug_console.o(.bss) for s_debugConsole
    print_scan.o(i._doprint) refers to print_scan.o(i.mknumstr) for mknumstr
    print_scan.o(i._doprint) refers to print_scan.o(i.fput_pad) for fput_pad
    print_scan.o(i._doprint) refers to strlen.o(.text) for strlen
    print_scan.o(i.scan_prv) refers to print_scan.o(i.scan_ignore_white_space) for scan_ignore_white_space
    startup_mk60d10.o(RESET) refers to startup_mk60d10.o(.text) for Reset_Handler
    startup_mk60d10.o(RESET) refers to lab5.o(i.ADC0_IRQHandler) for ADC0_IRQHandler
    startup_mk60d10.o(RESET) refers to lab5.o(i.PIT1_IRQHandler) for PIT1_IRQHandler
    startup_mk60d10.o(RESET) refers to lab5.o(i.PDB0_IRQHandler) for PDB0_IRQHandler
    startup_mk60d10.o(.text) refers to startup_mk60d10.o(FlashConfig) for FlashConfig
    startup_mk60d10.o(.text) refers to system_mk60d10.o(i.SystemInit) for SystemInit
    startup_mk60d10.o(.text) refers to startup.o(i.init_data_bss) for init_data_bss
    startup_mk60d10.o(.text) refers to __main.o(!!!main) for __main
    system_mk60d10.o(i.SystemCoreClockUpdate) refers to system_mk60d10.o(.data) for SystemCoreClock
    pin_mux.o(i.PORT_HAL_SetDriveStrengthMode) refers to fsl_misc_utilities.o(i.__aeabi_assert) for __aeabi_assert
    pin_mux.o(i.PORT_HAL_SetMuxMode) refers to fsl_misc_utilities.o(i.__aeabi_assert) for __aeabi_assert
    pin_mux.o(i.PORT_HAL_SetOpenDrainCmd) refers to fsl_misc_utilities.o(i.__aeabi_assert) for __aeabi_assert
    pin_mux.o(i.PORT_HAL_SetPassiveFilterCmd) refers to fsl_misc_utilities.o(i.__aeabi_assert) for __aeabi_assert
[...]
    Removing fsl_clock_manager.o(i.CLOCK_SYS_RtcOscInit), (308 bytes).
    Removing fsl_clock_manager.o(i.CLOCK_SYS_SetMcgMode), (344 bytes).
    Removing fsl_clock_manager.o(i.CLOCK_SYS_SetMcgPeeToFbe), (72 bytes).
    Removing fsl_clock_manager.o(i.CLOCK_SYS_SetOscerConfigration), (36 bytes).
    Removing fsl_clock_manager.o(i.CLOCK_SYS_UpdateConfiguration), (264 bytes).
    Removing fsl_clock_manager.o(i.OSC_HAL_SetExternalRefClkCmd), (10 bytes).
    Removing fsl_clock_manager.o(i.OSC_HAL_SetExternalRefClkInStopModeCmd), (10 bytes).
    Removing fsl_clock_manager.o(i.RTC_HAL_SetOscillatorCmd), (14 bytes).
    Removing fsl_clock_manager.o(.bss), (16 bytes).
    Removing fsl_clock_mk60d10.o(.rev16_text), (4 bytes).
    Removing fsl_clock_mk60d10.o(.revsh_text), (4 bytes).
    Removing fsl_clock_mk60d10.o(.rrx_text), (6 bytes).
    Removing fsl_clock_mk60d10.o(i.CLOCK_SYS_DisableAdcClock), (104 bytes).
    Removing fsl_clock_mk60d10.o(i.CLOCK_SYS_DisableDacClock), (104 bytes).
    Removing fsl_clock_mk60d10.o(i.CLOCK_SYS_DisableFlexcanClock), (112 bytes).
    Removing fsl_clock_mk60d10.o(i.CLOCK_SYS_DisableFtmClock), (104 bytes).
    Removing fsl_clock_mk60d10.o(i.CLOCK_SYS_DisableI2cClock), (104 bytes).
    Removing fsl_clock_mk60d10.o(i.CLOCK_SYS_DisablePortClock), (108 bytes).
    Removing fsl_clock_mk60d10.o(i.CLOCK_SYS_DisableSpiClock), (104 bytes).
    Removing fsl_clock_mk60d10.o(i.CLOCK_SYS_DisableUartClock), (108 bytes).
    Removing fsl_clock_mk60d10.o(i.CLOCK_SYS_EnableAdcClock), (104 bytes).
    Removing fsl_clock_mk60d10.o(i.CLOCK_SYS_EnableDacClock), (104 bytes).
    Removing fsl_clock_mk60d10.o(i.CLOCK_SYS_EnableFlexcanClock), (112 bytes).
    Removing fsl_clock_mk60d10.o(i.CLOCK_SYS_EnableFtmClock), (104 bytes).
    Removing fsl_clock_mk60d10.o(i.CLOCK_SYS_EnableI2cClock), (104 bytes).
    Removing fsl_clock_mk60d10.o(i.CLOCK_SYS_EnablePortClock), (108 bytes).
    Removing fsl_clock_mk60d10.o(i.CLOCK_SYS_EnableSpiClock), (104 bytes).
    Removing fsl_clock_mk60d10.o(i.CLOCK_SYS_EnableUartClock), (108 bytes).
    Removing fsl_clock_mk60d10.o(i.CLOCK_SYS_FllStableDelay), (30 bytes).
    Removing fsl_clock_mk60d10.o(i.CLOCK_SYS_GetAdcGateCmd), (104 bytes).
    Removing fsl_clock_mk60d10.o(i.CLOCK_SYS_GetBusClockFreq), (36 bytes).
    Removing fsl_clock_mk60d10.o(i.CLOCK_SYS_GetCoreClockFreq), (32 bytes).
    Removing fsl_clock_mk60d10.o(i.CLOCK_SYS_GetDacGateCmd), (104 bytes).
    Removing fsl_clock_mk60d10.o(i.CLOCK_SYS_GetEnetRmiiFreq), (44 bytes).
    Removing fsl_clock_mk60d10.o(i.CLOCK_SYS_GetEnetTimeStampFreq), (72 bytes).
    Removing fsl_clock_mk60d10.o(i.CLOCK_SYS_GetExternalRefClock32kFreq), (84 bytes).
    Removing fsl_clock_mk60d10.o(i.CLOCK_SYS_GetFlashClockFreq), (36 bytes).
    Removing fsl_clock_mk60d10.o(i.CLOCK_SYS_GetFlexbusFreq), (36 bytes).
    Removing fsl_clock_mk60d10.o(i.CLOCK_SYS_GetFlexcanFreq), (20 bytes).
    Removing fsl_clock_mk60d10.o(i.CLOCK_SYS_GetFlexcanGateCmd), (112 bytes).
    Removing fsl_clock_mk60d10.o(i.CLOCK_SYS_GetFreq), (196 bytes).
    Removing fsl_clock_mk60d10.o(i.CLOCK_SYS_GetFtmExternalFreq), (36 bytes).
    Removing fsl_clock_mk60d10.o(i.CLOCK_SYS_GetFtmGateCmd), (104 bytes).
    Removing fsl_clock_mk60d10.o(i.CLOCK_SYS_GetI2cGateCmd), (104 bytes).
    Removing fsl_clock_mk60d10.o(i.CLOCK_SYS_GetLptmrFreq), (72 bytes).
    Removing fsl_clock_mk60d10.o(i.CLOCK_SYS_GetOsc0ExternalRefClockFreq), (40 bytes).
    Removing fsl_clock_mk60d10.o(i.CLOCK_SYS_GetPllFllClockFreq), (68 bytes).
    Removing fsl_clock_mk60d10.o(i.CLOCK_SYS_GetPortFilterFreq), (24 bytes).
    Removing fsl_clock_mk60d10.o(i.CLOCK_SYS_GetPortGateCmd), (108 bytes).
    Removing fsl_clock_mk60d10.o(i.CLOCK_SYS_GetRtcOutFreq), (48 bytes).
    Removing fsl_clock_mk60d10.o(i.CLOCK_SYS_GetSaiFreq), (56 bytes).
    Removing fsl_clock_mk60d10.o(i.CLOCK_SYS_GetSdhcFreq), (72 bytes).
    Removing fsl_clock_mk60d10.o(i.CLOCK_SYS_GetSpiGateCmd), (104 bytes).
    Removing fsl_clock_mk60d10.o(i.CLOCK_SYS_GetSystemClockFreq), (32 bytes).
    Removing fsl_clock_mk60d10.o(i.CLOCK_SYS_GetTraceFreq), (52 bytes).
    Removing fsl_clock_mk60d10.o(i.CLOCK_SYS_GetUartFreq), (46 bytes).
    Removing fsl_clock_mk60d10.o(i.CLOCK_SYS_GetUartGateCmd), (108 bytes).
    Removing fsl_clock_mk60d10.o(i.CLOCK_SYS_GetUsbfsFreq), (76 bytes).
    Removing fsl_clock_mk60d10.o(i.CLOCK_SYS_GetWdogFreq), (22 bytes).
    Removing fsl_clock_mk60d10.o(i.CLOCK_SYS_SetConfiguration), (104 bytes).
    Removing fsl_clock_mk60d10.o(i.CLOCK_SYS_SetSimConfigration), (64 bytes).
    Removing fsl_clock_mk60d10.o(i.SIM_HAL_DisableClock), (32 bytes).
    Removing fsl_clock_mk60d10.o(i.SIM_HAL_EnableClock), (34 bytes).
    Removing fsl_clock_mk60d10.o(i.SIM_HAL_GetGateCmd), (40 bytes).
    Removing fsl_clock_mk60d10.o(.constdata), (25 bytes).
    Removing fsl_clock_mk60d10.o(.conststring), (66 bytes).
    Removing fsl_clock_mk60d10.o(.data), (20 bytes).
    Removing fsl_uart_hal.o(.rev16_text), (4 bytes).
    Removing fsl_uart_hal.o(.revsh_text), (4 bytes).
    Removing fsl_uart_hal.o(.rrx_text), (6 bytes).
    Removing fsl_uart_hal.o(i.UART_HAL_ClearISO7816InterruptStatus), (18 bytes).
    Removing fsl_uart_hal.o(i.UART_HAL_ClearStatusFlag), (144 bytes).
    Removing fsl_uart_hal.o(i.UART_HAL_ConfigIdleLineDetect), (22 bytes).
    Removing fsl_uart_hal.o(i.UART_HAL_FlushRxFifo), (36 bytes).
    Removing fsl_uart_hal.o(i.UART_HAL_FlushTxFifo), (36 bytes).
    Removing fsl_uart_hal.o(i.UART_HAL_GetISO7816IntMode), (132 bytes).
    Removing fsl_uart_hal.o(i.UART_HAL_GetISO7816InterruptStatus), (22 bytes).
    Removing fsl_uart_hal.o(i.UART_HAL_GetIntMode), (78 bytes).
    Removing fsl_uart_hal.o(i.UART_HAL_GetStatusFlag), (78 bytes).
    Removing fsl_uart_hal.o(i.UART_HAL_Getchar), (12 bytes).
    Removing fsl_uart_hal.o(i.UART_HAL_Getchar9), (32 bytes).
    Removing fsl_uart_hal.o(i.UART_HAL_Init), (46 bytes).
    Removing fsl_uart_hal.o(i.UART_HAL_PutReceiverInStandbyMode), (50 bytes).
    Removing fsl_uart_hal.o(i.UART_HAL_Putchar), (10 bytes).
    Removing fsl_uart_hal.o(i.UART_HAL_Putchar9), (26 bytes).
    Removing fsl_uart_hal.o(i.UART_HAL_ReceiveDataPolling), (86 bytes).
    Removing fsl_uart_hal.o(i.UART_HAL_ResetISO7816BlockWaitTimer), (46 bytes).
    Removing fsl_uart_hal.o(i.UART_HAL_ResetISO7816CharacterWaitTimer), (46 bytes).
    Removing fsl_uart_hal.o(i.UART_HAL_ResetISO7816WaitTimer), (46 bytes).
    Removing fsl_uart_hal.o(i.UART_HAL_SendDataPolling), (46 bytes).
    Removing fsl_uart_hal.o(i.UART_HAL_SetBaudRate), (68 bytes).
    Removing fsl_uart_hal.o(i.UART_HAL_SetBaudRateDivisor), (148 bytes).
    Removing fsl_uart_hal.o(i.UART_HAL_SetISO7816Etu), (106 bytes).
    Removing fsl_uart_hal.o(i.UART_HAL_SetISO7816IntMode), (280 bytes).
    Removing fsl_uart_hal.o(i.UART_HAL_SetInfraredOperation), (22 bytes).
    Removing fsl_uart_hal.o(i.UART_HAL_SetIntMode), (106 bytes).
    Removing fsl_uart_hal.o(i.UART_HAL_SetMatchAddress), (34 bytes).
    Removing fsl_uart_hal.o(i.UART_HAL_SetParityMode), (28 bytes).
    Removing fsl_uart_hal.o(i.UART_HAL_SetRxDmaCmd), (24 bytes).
    Removing fsl_uart_hal.o(i.UART_HAL_SetRxFifoCmd), (48 bytes).
    Removing fsl_uart_hal.o(i.UART_HAL_SetRxFifoWatermark), (24 bytes).
    Removing fsl_uart_hal.o(i.UART_HAL_SetTxDmaCmd), (68 bytes).
    Removing fsl_uart_hal.o(i.UART_HAL_SetTxFifoCmd), (48 bytes).
    Removing fsl_uart_hal.o(i.UART_HAL_SetTxFifoWatermark), (24 bytes).
    Removing fsl_os_abstraction_bm.o(.rev16_text), (4 bytes).
    Removing fsl_os_abstraction_bm.o(.revsh_text), (4 bytes).
    Removing fsl_os_abstraction_bm.o(.rrx_text), (6 bytes).
    Removing fsl_os_abstraction_bm.o(i.OSA_EnterCritical), (20 bytes).
    Removing fsl_os_abstraction_bm.o(i.OSA_EventClear), (104 bytes).
    Removing fsl_os_abstraction_bm.o(i.OSA_EventCreate), (100 bytes).
    Removing fsl_os_abstraction_bm.o(i.OSA_EventDestroy), (88 bytes).
    Removing fsl_os_abstraction_bm.o(i.OSA_EventGetFlags), (88 bytes).
    Removing fsl_os_abstraction_bm.o(i.OSA_EventSet), (104 bytes).
    Removing fsl_os_abstraction_bm.o(i.OSA_EventWait), (252 bytes).
    Removing fsl_os_abstraction_bm.o(i.OSA_ExitCritical), (20 bytes).
    Removing fsl_os_abstraction_bm.o(i.OSA_Init), (14 bytes).
    Removing fsl_os_abstraction_bm.o(i.OSA_InstallIntHandler), (16 bytes).
    Removing fsl_os_abstraction_bm.o(i.OSA_MemAlloc), (12 bytes).
    Removing fsl_os_abstraction_bm.o(i.OSA_MemAllocZero), (14 bytes).
    Removing fsl_os_abstraction_bm.o(i.OSA_MemFree), (14 bytes).
    Removing fsl_os_abstraction_bm.o(i.OSA_MsgQCreate), (124 bytes).
    Removing fsl_os_abstraction_bm.o(i.OSA_MsgQDestroy), (96 bytes).
    Removing fsl_os_abstraction_bm.o(i.OSA_MsgQGet), (212 bytes).
    Removing fsl_os_abstraction_bm.o(i.OSA_MsgQPut), (196 bytes).
    Removing fsl_os_abstraction_bm.o(i.OSA_MutexCreate), (96 bytes).
    Removing fsl_os_abstraction_bm.o(i.OSA_MutexDestroy), (88 bytes).
    Removing fsl_os_abstraction_bm.o(i.OSA_MutexLock), (184 bytes).
    Removing fsl_os_abstraction_bm.o(i.OSA_MutexUnlock), (100 bytes).
    Removing fsl_os_abstraction_bm.o(i.OSA_PollAllOtherTasks), (72 bytes).
    Removing fsl_os_abstraction_bm.o(i.OSA_SemaCreate), (96 bytes).
    Removing fsl_os_abstraction_bm.o(i.OSA_SemaDestroy), (88 bytes).
    Removing fsl_os_abstraction_bm.o(i.OSA_SemaPost), (112 bytes).
    Removing fsl_os_abstraction_bm.o(i.OSA_SemaWait), (184 bytes).
    Removing fsl_os_abstraction_bm.o(i.OSA_Start), (52 bytes).
    Removing fsl_os_abstraction_bm.o(i.OSA_TaskCreate), (76 bytes).
    Removing fsl_os_abstraction_bm.o(i.OSA_TaskDestroy), (136 bytes).
    Removing fsl_os_abstraction_bm.o(i.OSA_TaskGetHandler), (12 bytes).
    Removing fsl_os_abstraction_bm.o(i.OSA_TaskGetPriority), (6 bytes).
    Removing fsl_os_abstraction_bm.o(i.OSA_TaskSetPriority), (6 bytes).
    Removing fsl_os_abstraction_bm.o(i.OSA_TaskYield), (4 bytes).
    Removing fsl_os_abstraction_bm.o(i.OSA_TimeDelay), (32 bytes).
    Removing fsl_os_abstraction_bm.o(i.OSA_TimeDiff), (22 bytes).
    Removing fsl_os_abstraction_bm.o(i.OSA_TimeGetMsec), (16 bytes).
    Removing fsl_os_abstraction_bm.o(i.OSA_TimeInit), (132 bytes).
    Removing fsl_os_abstraction_bm.o(i.task_init), (64 bytes).
    Removing fsl_os_abstraction_bm.o(.bss), (96 bytes).
    Removing fsl_os_abstraction_bm.o(.data), (8 bytes).
    Removing fsl_clock_manager_common.o(.rev16_text), (4 bytes).
    Removing fsl_clock_manager_common.o(.revsh_text), (4 bytes).
    Removing fsl_clock_manager_common.o(.rrx_text), (6 bytes).
    Removing fsl_clock_manager_common.o(.constdata), (12 bytes).
    Removing fsl_mcg_hal.o(.rev16_text), (4 bytes).
    Removing fsl_mcg_hal.o(.revsh_text), (4 bytes).
    Removing fsl_mcg_hal.o(.rrx_text), (6 bytes).
    Removing fsl_mcg_hal.o(i.CLOCK_HAL_CalculatePllDiv), (204 bytes).
    Removing fsl_mcg_hal.o(i.CLOCK_HAL_EnableOsc0Monitor), (24 bytes).
    Removing fsl_mcg_hal.o(i.CLOCK_HAL_EnablePll0InFllMode), (64 bytes).
    Removing fsl_mcg_hal.o(i.CLOCK_HAL_EnableRtcOscMonitor), (28 bytes).
    Removing fsl_mcg_hal.o(i.CLOCK_HAL_GetAvailableFrdiv), (120 bytes).
    Removing fsl_mcg_hal.o(i.CLOCK_HAL_GetFixedFreqClk), (34 bytes).
    Removing fsl_mcg_hal.o(i.CLOCK_HAL_GetFllClk), (82 bytes).
    Removing fsl_mcg_hal.o(i.CLOCK_HAL_GetFllRefClk), (84 bytes).
    Removing fsl_mcg_hal.o(i.CLOCK_HAL_GetInternalRefClk), (60 bytes).
    Removing fsl_mcg_hal.o(i.CLOCK_HAL_GetInternalRefClkMode), (14 bytes).
    Removing fsl_mcg_hal.o(i.CLOCK_HAL_GetMcgExternalClkFreq), (24 bytes).
    Removing fsl_mcg_hal.o(i.CLOCK_HAL_GetOutClk), (78 bytes).
    Removing fsl_mcg_hal.o(i.CLOCK_HAL_GetPll0Clk), (68 bytes).
    Removing fsl_mcg_hal.o(i.CLOCK_HAL_GetPll0RefFreq), (12 bytes).
    Removing fsl_mcg_hal.o(i.CLOCK_HAL_SetInternalRefClkMode), (12 bytes).
    Removing fsl_mcg_hal.o(i.CLOCK_HAL_SetOsc0Mode), (36 bytes).
    Removing fsl_mcg_hal.o(i.CLOCK_HAL_TestFllExternalRefFreq), (70 bytes).
    Removing fsl_mcg_hal.o(i.CLOCK_HAL_TestFllFreq), (56 bytes).
    Removing fsl_mcg_hal.o(i.CLOCK_HAL_TestOscFreq), (40 bytes).
    Removing fsl_mcg_hal.o(i.CLOCK_HAL_TrimInternalRefClk), (252 bytes).
    Removing fsl_mcg_hal.o(i.CLOCK_HAL_UpdateFastClkInternalRefDiv), (104 bytes).
    Removing fsl_mcg_hal.o(.constdata), (48 bytes).
    Removing fsl_mcg_hal.o(.data), (16 bytes).
    Removing fsl_mcg_hal_modes.o(.rev16_text), (4 bytes).
    Removing fsl_mcg_hal_modes.o(.revsh_text), (4 bytes).
    Removing fsl_mcg_hal_modes.o(.rrx_text), (6 bytes).
    Removing fsl_mcg_hal_modes.o(i.CLOCK_HAL_GetClkOutStat), (10 bytes).
    Removing fsl_mcg_hal_modes.o(i.CLOCK_HAL_GetFllSrc), (14 bytes).
    Removing fsl_mcg_hal_modes.o(i.CLOCK_HAL_GetInternalRefClkMode), (14 bytes).
    Removing fsl_mcg_hal_modes.o(i.CLOCK_HAL_GetMcgMode), (150 bytes).
    Removing fsl_mcg_hal_modes.o(i.CLOCK_HAL_IsOsc0Stable), (22 bytes).
    Removing fsl_mcg_hal_modes.o(i.CLOCK_HAL_IsPllSelected), (22 bytes).
    Removing fsl_mcg_hal_modes.o(i.CLOCK_HAL_PrepareOsc), (46 bytes).
    Removing fsl_mcg_hal_modes.o(i.CLOCK_HAL_SetBlpeMode), (72 bytes).
    Removing fsl_mcg_hal_modes.o(i.CLOCK_HAL_SetBlpiMode), (100 bytes).
    Removing fsl_mcg_hal_modes.o(i.CLOCK_HAL_SetFbeMode), (236 bytes).
    Removing fsl_mcg_hal_modes.o(i.CLOCK_HAL_SetFbiMode), (180 bytes).
    Removing fsl_mcg_hal_modes.o(i.CLOCK_HAL_SetFeeMode), (238 bytes).
    Removing fsl_mcg_hal_modes.o(i.CLOCK_HAL_SetFeiMode), (136 bytes).
    Removing fsl_mcg_hal_modes.o(i.CLOCK_HAL_SetPbeMode), (232 bytes).
    Removing fsl_mcg_hal_modes.o(i.CLOCK_HAL_SetPeeMode), (54 bytes).
    Removing fsl_osc_hal.o(.rev16_text), (4 bytes).
    Removing fsl_osc_hal.o(.revsh_text), (4 bytes).
    Removing fsl_osc_hal.o(.rrx_text), (6 bytes).
    Removing fsl_osc_hal.o(i.OSC_HAL_SetCapacitor), (12 bytes).
    Removing fsl_rtc_common.o(.rev16_text), (4 bytes).
    Removing fsl_rtc_common.o(.revsh_text), (4 bytes).
    Removing fsl_rtc_common.o(.rrx_text), (6 bytes).
    Removing fsl_rtc_common.o(.constdata), (6 bytes).
    Removing fsl_sim_hal_mk60d10.o(.rev16_text), (4 bytes).
    Removing fsl_sim_hal_mk60d10.o(.revsh_text), (4 bytes).
    Removing fsl_sim_hal_mk60d10.o(.rrx_text), (6 bytes).
    Removing fsl_sim_hal_mk60d10.o(i.CLOCK_HAL_GetOutDiv), (52 bytes).
    Removing fsl_sim_hal_mk60d10.o(i.CLOCK_HAL_GetUsbfsDiv), (30 bytes).
    Removing fsl_sim_hal_mk60d10.o(i.CLOCK_HAL_SetOutDiv), (56 bytes).
    Removing fsl_sim_hal_mk60d10.o(i.CLOCK_HAL_SetUsbfsDiv), (32 bytes).
    Removing fsl_sim_hal_mk60d10.o(i.SIM_HAL_GetAdcAlternativeTriggerCmd), (192 bytes).
    Removing fsl_sim_hal_mk60d10.o(i.SIM_HAL_GetAdcPreTriggerMode), (172 bytes).
    Removing fsl_sim_hal_mk60d10.o(i.SIM_HAL_GetAdcTriggerMode), (164 bytes).
    Removing fsl_sim_hal_mk60d10.o(i.SIM_HAL_GetFtmChSrcMode), (188 bytes).
    Removing fsl_sim_hal_mk60d10.o(i.SIM_HAL_GetFtmExternalClkPinMode), (196 bytes).
    Removing fsl_sim_hal_mk60d10.o(i.SIM_HAL_GetFtmFaultSelMode), (256 bytes).
    Removing fsl_sim_hal_mk60d10.o(i.SIM_HAL_GetFtmTriggerSrcMode), (256 bytes).
    Removing fsl_sim_hal_mk60d10.o(i.SIM_HAL_GetUartRxSrcMode), (176 bytes).
    Removing fsl_sim_hal_mk60d10.o(i.SIM_HAL_GetUartTxSrcMode), (176 bytes).
    Removing fsl_sim_hal_mk60d10.o(i.SIM_HAL_SetAdcAlternativeTriggerCmd), (168 bytes).
    Removing fsl_sim_hal_mk60d10.o(i.SIM_HAL_SetAdcPreTriggerMode), (168 bytes).
    Removing fsl_sim_hal_mk60d10.o(i.SIM_HAL_SetAdcTriggerMode), (172 bytes).
    Removing fsl_sim_hal_mk60d10.o(i.SIM_HAL_SetAdcTriggerModeOneStep), (256 bytes).
    Removing fsl_sim_hal_mk60d10.o(i.SIM_HAL_SetFtmChSrcMode), (196 bytes).
    Removing fsl_sim_hal_mk60d10.o(i.SIM_HAL_SetFtmExternalClkPinMode), (188 bytes).
    Removing fsl_sim_hal_mk60d10.o(i.SIM_HAL_SetFtmFaultSelMode), (244 bytes).
    Removing fsl_sim_hal_mk60d10.o(i.SIM_HAL_SetFtmTriggerSrcMode), (248 bytes).
    Removing fsl_sim_hal_mk60d10.o(i.SIM_HAL_SetUartRxSrcMode), (184 bytes).
    Removing fsl_sim_hal_mk60d10.o(i.SIM_HAL_SetUartTxSrcMode), (184 bytes).
    Removing fsl_interrupt_manager.o(.rev16_text), (4 bytes).
    Removing fsl_interrupt_manager.o(.revsh_text), (4 bytes).
    Removing fsl_interrupt_manager.o(.rrx_text), (6 bytes).
    Removing fsl_interrupt_manager.o(i.INT_SYS_DisableIRQGlobal), (20 bytes).
    Removing fsl_interrupt_manager.o(i.INT_SYS_EnableIRQGlobal), (36 bytes).
    Removing fsl_interrupt_manager.o(i.INT_SYS_InstallHandler), (192 bytes).
    Removing fsl_interrupt_manager.o(.conststring), (66 bytes).
    Removing fsl_interrupt_manager.o(.data), (4 bytes).
    Removing fsl_lptmr_hal.o(.rev16_text), (4 bytes).
    Removing fsl_lptmr_hal.o(.revsh_text), (4 bytes).
    Removing fsl_lptmr_hal.o(.rrx_text), (6 bytes).
    Removing fsl_lptmr_hal.o(i.LPTMR_HAL_GetCounterValue), (16 bytes).
    Removing fsl_lptmr_hal.o(i.LPTMR_HAL_Init), (110 bytes).
    Removing fsl_lptmr_hal.o(i.LPTMR_HAL_SetPrescalerMode), (40 bytes).
    Removing fsl_lptmr_hal.o(i.LPTMR_HAL_SetTimerWorkingMode), (60 bytes).

337 unused section(s) (total 26403 bytes) removed from the image.

==============================================================================

Image Symbol Table

    Local Symbols

    Symbol Name                              Value     Ov Type        Size  Object(Section)

    RESET                                    0x00000000   Section     1024  startup_mk60d10.o(RESET)
    ../../../../platform/drivers/src/rtc/fsl_rtc_common.c 0x00000000   Number         0  fsl_rtc_common.o ABSOLUTE
    ../../../../platform/hal/src/lptmr/fsl_lptmr_hal.c 0x00000000   Number         0  fsl_lptmr_hal.o ABSOLUTE
    ../../../../platform/hal/src/mcg/fsl_mcg_hal.c 0x00000000   Number         0  fsl_mcg_hal.o ABSOLUTE
    ../../../../platform/hal/src/mcg/fsl_mcg_hal_modes.c 0x00000000   Number         0  fsl_mcg_hal_modes.o ABSOLUTE
    ../../../../platform/hal/src/osc/fsl_osc_hal.c 0x00000000   Number         0  fsl_osc_hal.o ABSOLUTE
    ../../../../platform/hal/src/sim/MK60D10/fsl_sim_hal_MK60D10.c 0x00000000   Number         0  fsl_sim_hal_mk60d10.o ABSOLUTE
    ../../../../platform/hal/src/uart/fsl_uart_hal.c 0x00000000   Number         0  fsl_uart_hal.o ABSOLUTE
    ../../../../platform/osa/src/fsl_os_abstraction_bm.c 0x00000000   Number         0  fsl_os_abstraction_bm.o ABSOLUTE
    ../../../../platform/system/src/clock/MK60D10/fsl_clock_MK60D10.c 0x00000000   Number         0  fsl_clock_mk60d10.o ABSOLUTE
    ../../../../platform/system/src/clock/fsl_clock_manager.c 0x00000000   Number         0  fsl_clock_manager.o ABSOLUTE
    ../../../../platform/system/src/clock/fsl_clock_manager_common.c 0x00000000   Number         0  fsl_clock_manager_common.o ABSOLUTE
    ../../../../platform/system/src/interrupt/fsl_interrupt_manager.c 0x00000000   Number         0  fsl_interrupt_manager.o ABSOLUTE
    ../clib/angel/boardlib.s                 0x00000000   Number         0  boardshut.o ABSOLUTE
    ../clib/angel/boardlib.s                 0x00000000   Number         0  boardinit3.o ABSOLUTE
    ../clib/angel/boardlib.s                 0x00000000   Number         0  boardinit2.o ABSOLUTE
    ../clib/angel/boardlib.s                 0x00000000   Number         0  boardinit1.o ABSOLUTE
    ../clib/angel/handlers.s                 0x00000000   Number         0  __scatter_copy.o ABSOLUTE
    ../clib/angel/handlers.s                 0x00000000   Number         0  __scatter_zi.o ABSOLUTE
    ../clib/angel/kernel.s                   0x00000000   Number         0  __rtentry4.o ABSOLUTE
    ../clib/angel/kernel.s                   0x00000000   Number         0  __rtentry7.o ABSOLUTE
    ../clib/angel/kernel.s                   0x00000000   Number         0  rtexit2.o ABSOLUTE
    ../clib/angel/kernel.s                   0x00000000   Number         0  __rtentry.o ABSOLUTE
    ../clib/angel/kernel.s                   0x00000000   Number         0  __rtentry2.o ABSOLUTE
    ../clib/angel/kernel.s                   0x00000000   Number         0  rtexit.o ABSOLUTE
    ../clib/angel/rt.s                       0x00000000   Number         0  rt_heap_descriptor.o ABSOLUTE
    ../clib/angel/rt.s                       0x00000000   Number         0  rt_heap_descriptor_intlibspace.o ABSOLUTE
    ../clib/angel/rt.s                       0x00000000   Number         0  rt_raise.o ABSOLUTE
    ../clib/angel/rt.s                       0x00000000   Number         0  rt_errno_addr.o ABSOLUTE
    ../clib/angel/rt.s                       0x00000000   Number         0  rt_errno_addr_intlibspace.o ABSOLUTE
    ../clib/angel/scatter.s                  0x00000000   Number         0  __scatter.o ABSOLUTE
    ../clib/angel/startup.s                  0x00000000   Number         0  __main.o ABSOLUTE
    ../clib/angel/sys.s                      0x00000000   Number         0  sys_stackheap.o ABSOLUTE
    ../clib/angel/sys.s                      0x00000000   Number         0  sys_stackheap_outer.o ABSOLUTE
    ../clib/angel/sys.s                      0x00000000   Number         0  libspace.o ABSOLUTE
    ../clib/angel/sys.s                      0x00000000   Number         0  mutex_dummy.o ABSOLUTE
    ../clib/angel/sys.s                      0x00000000   Number         0  use_no_semi.o ABSOLUTE
    ../clib/angel/sys.s                      0x00000000   Number         0  indicate_semi.o ABSOLUTE
    ../clib/angel/sysapp.c                   0x00000000   Number         0  sys_command.o ABSOLUTE
    ../clib/angel/sysapp.c                   0x00000000   Number         0  sys_wrch.o ABSOLUTE
    ../clib/angel/sysapp.c                   0x00000000   Number         0  sys_exit.o ABSOLUTE
    ../clib/armsys.c                         0x00000000   Number         0  argv_veneer.o ABSOLUTE
    ../clib/armsys.c                         0x00000000   Number         0  argv_veneer.o ABSOLUTE
    ../clib/armsys.c                         0x00000000   Number         0  _get_argv.o ABSOLUTE
    ../clib/armsys.c                         0x00000000   Number         0  _get_argv_nomalloc.o ABSOLUTE
    ../clib/armsys.c                         0x00000000   Number         0  no_argv.o ABSOLUTE
    ../clib/fenv.c                           0x00000000   Number         0  _rserrno.o ABSOLUTE
    ../clib/heap1.c                          0x00000000   Number         0  h1_alloc.o ABSOLUTE
    ../clib/heap1.c                          0x00000000   Number         0  h1_init_mt.o ABSOLUTE
    ../clib/heap1.c                          0x00000000   Number         0  h1_final.o ABSOLUTE
    ../clib/heap1.c                          0x00000000   Number         0  h1_final_mt.o ABSOLUTE
    ../clib/heap1.c                          0x00000000   Number         0  h1_init.o ABSOLUTE
    ../clib/heap1.c                          0x00000000   Number         0  h1_free_mt.o ABSOLUTE
    ../clib/heap1.c                          0x00000000   Number         0  h1_extend_mt.o ABSOLUTE
    ../clib/heap1.c                          0x00000000   Number         0  h1_alloc_mt.o ABSOLUTE
    ../clib/heap1.c                          0x00000000   Number         0  h1_extend.o ABSOLUTE
    ../clib/heap1.c                          0x00000000   Number         0  h1_free.o ABSOLUTE
    ../clib/heap2.c                          0x00000000   Number         0  heap2.o ABSOLUTE
    ../clib/heap2.c                          0x00000000   Number         0  fdtree.o ABSOLUTE
    ../clib/heap2.c                          0x00000000   Number         0  heap2mt.o ABSOLUTE
    ../clib/heapalloc.c                      0x00000000   Number         0  maybetermalloc2.o ABSOLUTE
    ../clib/heapalloc.c                      0x00000000   Number         0  maybetermalloc1.o ABSOLUTE
    ../clib/heapalloc.c                      0x00000000   Number         0  hrguard.o ABSOLUTE
    ../clib/heapalloc.c                      0x00000000   Number         0  hguard.o ABSOLUTE
    ../clib/heapalloc.c                      0x00000000   Number         0  init_alloc.o ABSOLUTE
    ../clib/heapalloc.c                      0x00000000   Number         0  heapstubs.o ABSOLUTE
    ../clib/heapalloc.c                      0x00000000   Number         0  malloc.o ABSOLUTE
    ../clib/heapalloc.c                      0x00000000   Number         0  free.o ABSOLUTE
    ../clib/heapalloc.c                      0x00000000   Number         0  calloc.o ABSOLUTE
    ../clib/heapalloc.c                      0x00000000   Number         0  maybetermalloc1.o ABSOLUTE
    ../clib/heapalloc.c                      0x00000000   Number         0  maybetermalloc2.o ABSOLUTE
    ../clib/heapalloc.c                      0x00000000   Number         0  term_alloc.o ABSOLUTE
    ../clib/heapaux.c                        0x00000000   Number         0  heapauxa.o ABSOLUTE
    ../clib/heapaux.c                        0x00000000   Number         0  heapauxi.o ABSOLUTE
    ../clib/libinit.s                        0x00000000   Number         0  libinit2.o ABSOLUTE
    ../clib/libinit.s                        0x00000000   Number         0  libshutdown.o ABSOLUTE
    ../clib/libinit.s                        0x00000000   Number         0  libshutdown2.o ABSOLUTE
    ../clib/libinit.s                        0x00000000   Number         0  libinit.o ABSOLUTE
    ../clib/libinit.s                        0x00000000   Number         0  libinit5.o ABSOLUTE
    ../clib/memcpset.s                       0x00000000   Number         0  rt_memclr.o ABSOLUTE
    ../clib/memcpset.s                       0x00000000   Number         0  rt_memclr_w.o ABSOLUTE
    ../clib/memcpset.s                       0x00000000   Number         0  rt_memcpy_w.o ABSOLUTE
    ../clib/printf.c                         0x00000000   Number         0  __2printf.o ABSOLUTE
    ../clib/printf.c                         0x00000000   Number         0  _printf_dec.o ABSOLUTE
    ../clib/printf.c                         0x00000000   Number         0  _printf_str.o ABSOLUTE
    ../clib/printf.c                         0x00000000   Number         0  _printf_char_common.o ABSOLUTE
    ../clib/printf.c                         0x00000000   Number         0  __printf.o ABSOLUTE
    ../clib/printf.c                         0x00000000   Number         0  noretval__2printf.o ABSOLUTE
    ../clib/printf.c                         0x00000000   Number         0  __printf_wp.o ABSOLUTE
    ../clib/printf.c                         0x00000000   Number         0  __printf_ss.o ABSOLUTE
    ../clib/printf.c                         0x00000000   Number         0  __printf_ss_wp.o ABSOLUTE
    ../clib/printf.c                         0x00000000   Number         0  __printf_nopercent.o ABSOLUTE
    ../clib/printf.c                         0x00000000   Number         0  __printf_flags_wp.o ABSOLUTE
    ../clib/printf.c                         0x00000000   Number         0  _printf_intcommon.o ABSOLUTE
    ../clib/printf.c                         0x00000000   Number         0  _printf_char.o ABSOLUTE
    ../clib/printf.c                         0x00000000   Number         0  __printf_flags_ss_wp.o ABSOLUTE
    ../clib/printf.c                         0x00000000   Number         0  _printf_char_file.o ABSOLUTE
    ../clib/printf.c                         0x00000000   Number         0  __printf_flags_ss.o ABSOLUTE
    ../clib/printf.c                         0x00000000   Number         0  __printf_flags.o ABSOLUTE
    ../clib/printf_percent.s                 0x00000000   Number         0  _printf_percent.o ABSOLUTE
    ../clib/printf_percent.s                 0x00000000   Number         0  _printf_s.o ABSOLUTE
    ../clib/printf_percent.s                 0x00000000   Number         0  _printf_d.o ABSOLUTE
    ../clib/printf_percent.s                 0x00000000   Number         0  _printf_percent_end.o ABSOLUTE
    ../clib/signal.c                         0x00000000   Number         0  defsig_general.o ABSOLUTE
    ../clib/signal.c                         0x00000000   Number         0  defsig_pvfn_inner.o ABSOLUTE
    ../clib/signal.c                         0x00000000   Number         0  defsig_stak_inner.o ABSOLUTE
    ../clib/signal.c                         0x00000000   Number         0  defsig_rtred_inner.o ABSOLUTE
    ../clib/signal.c                         0x00000000   Number         0  defsig_rtmem_formal.o ABSOLUTE
    ../clib/signal.c                         0x00000000   Number         0  defsig_exit.o ABSOLUTE
    ../clib/signal.c                         0x00000000   Number         0  defsig_rtmem_inner.o ABSOLUTE
    ../clib/signal.c                         0x00000000   Number         0  defsig_fpe_inner.o ABSOLUTE
    ../clib/signal.c                         0x00000000   Number         0  defsig_abrt_inner.o ABSOLUTE
    ../clib/signal.c                         0x00000000   Number         0  __raise.o ABSOLUTE
    ../clib/signal.c                         0x00000000   Number         0  defsig_segv_inner.o ABSOLUTE
    ../clib/signal.c                         0x00000000   Number         0  defsig_rtmem_outer.o ABSOLUTE
    ../clib/signal.c                         0x00000000   Number         0  defsig_other.o ABSOLUTE
    ../clib/signal.c                         0x00000000   Number         0  defsig_cppl_inner.o ABSOLUTE
    ../clib/signal.s                         0x00000000   Number         0  defsig.o ABSOLUTE
    ../clib/stdio.c                          0x00000000   Number         0  ferror_locked.o ABSOLUTE
    ../clib/stdio.c                          0x00000000   Number         0  ferror.o ABSOLUTE
    ../clib/stdlib.c                         0x00000000   Number         0  exit.o ABSOLUTE
    ../clib/string.c                         0x00000000   Number         0  strlen.o ABSOLUTE
    ../fplib/daddsub.s                       0x00000000   Number         0  daddsub_clz.o ABSOLUTE
    ../fplib/dcheck1.s                       0x00000000   Number         0  dcheck1.o ABSOLUTE
    ../fplib/dcmpi.s                         0x00000000   Number         0  dcmpi.o ABSOLUTE
    ../fplib/ddiv.s                          0x00000000   Number         0  ddiv.o ABSOLUTE
    ../fplib/dfix.s                          0x00000000   Number         0  dfix.o ABSOLUTE
    ../fplib/dflt.s                          0x00000000   Number         0  dflt_clz.o ABSOLUTE
    ../fplib/dleqf.s                         0x00000000   Number         0  dleqf.o ABSOLUTE
    ../fplib/dmul.s                          0x00000000   Number         0  dmul.o ABSOLUTE
    ../fplib/dnaninf.s                       0x00000000   Number         0  dnaninf.o ABSOLUTE
    ../fplib/dretinf.s                       0x00000000   Number         0  dretinf.o ABSOLUTE
    ../fplib/drleqf.s                        0x00000000   Number         0  drleqf.o ABSOLUTE
    ../fplib/dsqrt.s                         0x00000000   Number         0  dsqrt_umaal.o ABSOLUTE
    ../fplib/fpinit.s                        0x00000000   Number         0  fpinit.o ABSOLUTE
    ../fplib/retnan.s                        0x00000000   Number         0  retnan.o ABSOLUTE
    ../fplib/scalbn.s                        0x00000000   Number         0  scalbn.o ABSOLUTE
    ../fplib/trapv.s                         0x00000000   Number         0  trapv.o ABSOLUTE
    ../fplib/usenofp.s                       0x00000000   Number         0  usenofp.o ABSOLUTE
    ../mathlib/dunder.c                      0x00000000   Number         0  dunder.o ABSOLUTE
    ../mathlib/fpclassify.c                  0x00000000   Number         0  fpclassify.o ABSOLUTE
    ../mathlib/poly.c                        0x00000000   Number         0  poly.o ABSOLUTE
    ../mathlib/pow.c                         0x00000000   Number         0  pow_x.o ABSOLUTE
    ../mathlib/pow.c                         0x00000000   Number         0  pow.o ABSOLUTE
    ../mathlib/qnan.c                        0x00000000   Number         0  qnan.o ABSOLUTE
    ../mathlib/sqrt.c                        0x00000000   Number         0  sqrt_x.o ABSOLUTE
    ../mathlib/sqrt.c                        0x00000000   Number         0  sqrt.o ABSOLUTE
    ..\..\..\..\platform\devices\MK60D10\startup\system_MK60D10.c 0x00000000   Number         0  system_mk60d10.o ABSOLUTE
    ..\..\..\..\platform\devices\startup.c   0x00000000   Number         0  startup.o ABSOLUTE
    ..\..\..\..\platform\drivers\src\rtc\fsl_rtc_common.c 0x00000000   Number         0  fsl_rtc_common.o ABSOLUTE
    ..\..\..\..\platform\hal\src\lptmr\fsl_lptmr_hal.c 0x00000000   Number         0  fsl_lptmr_hal.o ABSOLUTE
    ..\..\..\..\platform\hal\src\mcg\fsl_mcg_hal.c 0x00000000   Number         0  fsl_mcg_hal.o ABSOLUTE
    ..\..\..\..\platform\hal\src\mcg\fsl_mcg_hal_modes.c 0x00000000   Number         0  fsl_mcg_hal_modes.o ABSOLUTE
    ..\..\..\..\platform\hal\src\osc\fsl_osc_hal.c 0x00000000   Number         0  fsl_osc_hal.o ABSOLUTE
    ..\..\..\..\platform\hal\src\sim\MK60D10\fsl_sim_hal_MK60D10.c 0x00000000   Number         0  fsl_sim_hal_mk60d10.o ABSOLUTE
    ..\..\..\..\platform\hal\src\uart\fsl_uart_hal.c 0x00000000   Number         0  fsl_uart_hal.o ABSOLUTE
    ..\..\..\..\platform\osa\src\fsl_os_abstraction_bm.c 0x00000000   Number         0  fsl_os_abstraction_bm.o ABSOLUTE
    ..\..\..\..\platform\system\src\clock\MK60D10\fsl_clock_MK60D10.c 0x00000000   Number         0  fsl_clock_mk60d10.o ABSOLUTE
    ..\..\..\..\platform\system\src\clock\fsl_clock_manager.c 0x00000000   Number         0  fsl_clock_manager.o ABSOLUTE
    ..\..\..\..\platform\system\src\clock\fsl_clock_manager_common.c 0x00000000   Number         0  fsl_clock_manager_common.o ABSOLUTE
    ..\..\..\..\platform\system\src\interrupt\fsl_interrupt_manager.c 0x00000000   Number         0  fsl_interrupt_manager.o ABSOLUTE
    ..\..\..\..\platform\utilities\src\fsl_debug_console.c 0x00000000   Number         0  fsl_debug_console.o ABSOLUTE
    ..\..\..\..\platform\utilities\src\fsl_misc_utilities.c 0x00000000   Number         0  fsl_misc_utilities.o ABSOLUTE
    ..\..\..\..\platform\utilities\src\print_scan.c 0x00000000   Number         0  print_scan.o ABSOLUTE
    ..\..\board.c                            0x00000000   Number         0  board.o ABSOLUTE
    ..\..\driver_examples\gpio\hardware_init.c 0x00000000   Number         0  hardware_init.o ABSOLUTE
    ..\..\gpio_pins.c                        0x00000000   Number         0  gpio_pins.o ABSOLUTE
    ..\..\pin_mux.c                          0x00000000   Number         0  pin_mux.o ABSOLUTE
    ..\\..\\..\\..\\platform\\devices\\MK60D10\\startup\\arm\\startup_MK60D10.s 0x00000000   Number         0  startup_mk60d10.o ABSOLUTE
    ..\\..\\..\\..\\platform\\devices\\MK60D10\\startup\\system_MK60D10.c 0x00000000   Number         0  system_mk60d10.o ABSOLUTE
    ..\\..\\..\\..\\platform\\devices\\startup.c 0x00000000   Number         0  startup.o ABSOLUTE
    ..\\..\\..\\..\\platform\\utilities\\src\\fsl_debug_console.c 0x00000000   Number         0  fsl_debug_console.o ABSOLUTE
    ..\\..\\board.c                          0x00000000   Number         0  board.o ABSOLUTE
    ..\\..\\driver_examples\\gpio\\hardware_init.c 0x00000000   Number         0  hardware_init.o ABSOLUTE
    ..\\..\\gpio_pins.c                      0x00000000   Number         0  gpio_pins.o ABSOLUTE
    ..\\..\\pin_mux.c                        0x00000000   Number         0  pin_mux.o ABSOLUTE
    dc.s                                     0x00000000   Number         0  dc.o ABSOLUTE
    lab5.c                                   0x00000000   Number         0  lab5.o ABSOLUTE
    lab5.c                                   0x00000000   Number         0  lab5.o ABSOLUTE
    FlashConfig                              0x00000400   Section       16  startup_mk60d10.o(FlashConfig)
    !!!main                                  0x00000410   Section        8  __main.o(!!!main)
    !!!scatter                               0x00000418   Section       52  __scatter.o(!!!scatter)
    !!handler_copy                           0x0000044c   Section       26  __scatter_copy.o(!!handler_copy)
    !!handler_zi                             0x00000468   Section       28  __scatter_zi.o(!!handler_zi)
    .ARM.Collect$$libinit$$00000000          0x00000484   Section        2  libinit.o(.ARM.Collect$$libinit$$00000000)
    .ARM.Collect$$libinit$$00000002          0x00000486   Section        0  libinit2.o(.ARM.Collect$$libinit$$00000002)
    .ARM.Collect$$libinit$$00000004          0x00000486   Section        0  libinit2.o(.ARM.Collect$$libinit$$00000004)
    .ARM.Collect$$libinit$$0000000A          0x00000486   Section        0  libinit2.o(.ARM.Collect$$libinit$$0000000A)
    .ARM.Collect$$libinit$$0000000C          0x00000486   Section        0  libinit2.o(.ARM.Collect$$libinit$$0000000C)
    .ARM.Collect$$libinit$$0000000E          0x00000486   Section        0  libinit2.o(.ARM.Collect$$libinit$$0000000E)
    .ARM.Collect$$libinit$$00000011          0x00000486   Section        0  libinit2.o(.ARM.Collect$$libinit$$00000011)
    .ARM.Collect$$libinit$$00000013          0x00000486   Section        0  libinit2.o(.ARM.Collect$$libinit$$00000013)
    .ARM.Collect$$libinit$$00000015          0x00000486   Section        0  libinit2.o(.ARM.Collect$$libinit$$00000015)
    .ARM.Collect$$libinit$$00000017          0x00000486   Section        0  libinit2.o(.ARM.Collect$$libinit$$00000017)
    .ARM.Collect$$libinit$$00000019          0x00000486   Section        0  libinit2.o(.ARM.Collect$$libinit$$00000019)
    .ARM.Collect$$libinit$$0000001B          0x00000486   Section        0  libinit2.o(.ARM.Collect$$libinit$$0000001B)
    .ARM.Collect$$libinit$$0000001D          0x00000486   Section        0  libinit2.o(.ARM.Collect$$libinit$$0000001D)
    .ARM.Collect$$libinit$$0000001F          0x00000486   Section        0  libinit2.o(.ARM.Collect$$libinit$$0000001F)
    .ARM.Collect$$libinit$$00000021          0x00000486   Section        0  libinit2.o(.ARM.Collect$$libinit$$00000021)
    .ARM.Collect$$libinit$$00000023          0x00000486   Section        0  libinit2.o(.ARM.Collect$$libinit$$00000023)
    .ARM.Collect$$libinit$$00000025          0x00000486   Section        0  libinit2.o(.ARM.Collect$$libinit$$00000025)
    .ARM.Collect$$libinit$$0000002C          0x00000486   Section        0  libinit2.o(.ARM.Collect$$libinit$$0000002C)
    .ARM.Collect$$libinit$$0000002E          0x00000486   Section        0  libinit2.o(.ARM.Collect$$libinit$$0000002E)
    .ARM.Collect$$libinit$$00000030          0x00000486   Section        0  libinit2.o(.ARM.Collect$$libinit$$00000030)
    .ARM.Collect$$libinit$$00000032          0x00000486   Section        0  libinit2.o(.ARM.Collect$$libinit$$00000032)
    .ARM.Collect$$libinit$$00000033          0x00000486   Section        2  libinit2.o(.ARM.Collect$$libinit$$00000033)
    .ARM.Collect$$libshutdown$$00000000      0x00000488   Section        2  libshutdown.o(.ARM.Collect$$libshutdown$$00000000)
    .ARM.Collect$$libshutdown$$00000002      0x0000048a   Section        0  libshutdown2.o(.ARM.Collect$$libshutdown$$00000002)
    .ARM.Collect$$libshutdown$$00000004      0x0000048a   Section        0  libshutdown2.o(.ARM.Collect$$libshutdown$$00000004)
    .ARM.Collect$$libshutdown$$00000007      0x0000048a   Section        0  libshutdown2.o(.ARM.Collect$$libshutdown$$00000007)
    .ARM.Collect$$libshutdown$$0000000A      0x0000048a   Section        0  libshutdown2.o(.ARM.Collect$$libshutdown$$0000000A)
    .ARM.Collect$$libshutdown$$0000000C      0x0000048a   Section        0  libshutdown2.o(.ARM.Collect$$libshutdown$$0000000C)
    .ARM.Collect$$libshutdown$$0000000F      0x0000048a   Section        0  libshutdown2.o(.ARM.Collect$$libshutdown$$0000000F)
    .ARM.Collect$$libshutdown$$00000010      0x0000048a   Section        2  libshutdown2.o(.ARM.Collect$$libshutdown$$00000010)
    .ARM.Collect$$rtentry$$00000000          0x0000048c   Section        0  __rtentry.o(.ARM.Collect$$rtentry$$00000000)
    .ARM.Collect$$rtentry$$00000002          0x0000048c   Section        0  __rtentry2.o(.ARM.Collect$$rtentry$$00000002)
    .ARM.Collect$$rtentry$$00000007          0x0000048c   Section        4  __rtentry7.o(.ARM.Collect$$rtentry$$00000007)
    .ARM.Collect$$rtentry$$00000009          0x00000490   Section        0  __rtentry2.o(.ARM.Collect$$rtentry$$00000009)
    .ARM.Collect$$rtentry$$0000000A          0x00000490   Section        4  __rtentry2.o(.ARM.Collect$$rtentry$$0000000A)
    .ARM.Collect$$rtentry$$0000000C          0x00000494   Section        0  __rtentry2.o(.ARM.Collect$$rtentry$$0000000C)
    .ARM.Collect$$rtentry$$0000000D          0x00000494   Section        8  __rtentry2.o(.ARM.Collect$$rtentry$$0000000D)
    .ARM.Collect$$rtentry$$00002718          0x0000049c   Section        4  __rtentry7.o(.ARM.Collect$$rtentry$$00002718)
    __lit__00000000                          0x0000049c   Data           4  __rtentry7.o(.ARM.Collect$$rtentry$$00002718)
    .ARM.Collect$$rtexit$$00000000           0x000004a0   Section        2  rtexit.o(.ARM.Collect$$rtexit$$00000000)
    .ARM.Collect$$rtexit$$00000002           0x000004a2   Section        0  rtexit2.o(.ARM.Collect$$rtexit$$00000002)
    .ARM.Collect$$rtexit$$00000003           0x000004a2   Section        4  rtexit2.o(.ARM.Collect$$rtexit$$00000003)
    .ARM.Collect$$rtexit$$00000004           0x000004a6   Section        6  rtexit2.o(.ARM.Collect$$rtexit$$00000004)
    .text                                    0x000004ac   Section       56  startup_mk60d10.o(.text)
    .text                                    0x000004e4   Section        0  _rserrno.o(.text)
    .text                                    0x000004fc   Section        8  rt_errno_addr_intlibspace.o(.text)
    .text                                    0x00000504   Section        2  use_no_semi.o(.text)
    .text                                    0x00000506   Section        0  indicate_semi.o(.text)
    .text                                    0x00000506   Section        0  exit.o(.text)
    .text                                    0x00000518   Section        0  sys_exit.o(.text)
    i.ADC0_IRQHandler                        0x00000524   Section        0  lab5.o(i.ADC0_IRQHandler)
    i.ADC_CONFIG                             0x0000063c   Section        0  lab5.o(i.ADC_CONFIG)
    i.DAC_CONFIG                             0x00000658   Section        0  lab5.o(i.DAC_CONFIG)
    i.INIT_CONFIG                            0x00000684   Section        0  lab5.o(i.INIT_CONFIG)
    i.PDB0_IRQHandler                        0x000006ac   Section        0  lab5.o(i.PDB0_IRQHandler)
    i.PDB_INIT                               0x000006cc   Section        0  lab5.o(i.PDB_INIT)
    i.PIT1_CONFIG                            0x00000700   Section        0  lab5.o(i.PIT1_CONFIG)
    i.PIT1_IRQHandler                        0x00000728   Section        0  lab5.o(i.PIT1_IRQHandler)
    i.SET_PINS_GPIO                          0x00000744   Section        0  lab5.o(i.SET_PINS_GPIO)
    i.SystemInit                             0x00000784   Section        0  system_mk60d10.o(i.SystemInit)
    i.__ARM_fpclassify                       0x000007a0   Section        0  fpclassify.o(i.__ARM_fpclassify)
    i.__kernel_poly                          0x000007c8   Section        0  poly.o(i.__kernel_poly)
    i.__mathlib_dbl_divzero                  0x00000874   Section        0  dunder.o(i.__mathlib_dbl_divzero)
    i.__mathlib_dbl_infnan2                  0x00000884   Section        0  dunder.o(i.__mathlib_dbl_infnan2)
    i.__mathlib_dbl_invalid                  0x00000888   Section        0  dunder.o(i.__mathlib_dbl_invalid)
    i.__mathlib_dbl_overflow                 0x00000894   Section        0  dunder.o(i.__mathlib_dbl_overflow)
    i.__mathlib_dbl_underflow                0x000008a4   Section        0  dunder.o(i.__mathlib_dbl_underflow)
    i.init_data_bss                          0x000008b4   Section        0  startup.o(i.init_data_bss)
    i.main                                   0x000008fc   Section        0  lab5.o(i.main)
    i.pow                                    0x000009b8   Section        0  pow.o(i.pow)
    i.sqrt                                   0x00001390   Section        0  sqrt.o(i.sqrt)
    x$fpl$dadd                               0x000013dc   Section      336  daddsub_clz.o(x$fpl$dadd)
    _dadd1                                   0x000013ed   Thumb Code     0  daddsub_clz.o(x$fpl$dadd)
    x$fpl$dcheck1                            0x0000152c   Section       16  dcheck1.o(x$fpl$dcheck1)
    x$fpl$dcmpinf                            0x0000153c   Section       24  dcmpi.o(x$fpl$dcmpinf)
    x$fpl$ddiv                               0x00001554   Section      688  ddiv.o(x$fpl$ddiv)
    ddiv_entry                               0x0000155b   Thumb Code     0  ddiv.o(x$fpl$ddiv)
    x$fpl$dfix                               0x00001804   Section       94  dfix.o(x$fpl$dfix)
    x$fpl$dflt                               0x00001862   Section       46  dflt_clz.o(x$fpl$dflt)
    x$fpl$dfltu                              0x00001890   Section       38  dflt_clz.o(x$fpl$dfltu)
    x$fpl$dleqf                              0x000018b8   Section      120  dleqf.o(x$fpl$dleqf)
    x$fpl$dmul                               0x00001930   Section      340  dmul.o(x$fpl$dmul)
    x$fpl$dnaninf                            0x00001a84   Section      156  dnaninf.o(x$fpl$dnaninf)
    x$fpl$dretinf                            0x00001b20   Section       12  dretinf.o(x$fpl$dretinf)
    x$fpl$drleqf                             0x00001b2c   Section      108  drleqf.o(x$fpl$drleqf)
    x$fpl$drsb                               0x00001b98   Section       22  daddsub_clz.o(x$fpl$drsb)
    x$fpl$dsqrt                              0x00001bb0   Section      408  dsqrt_umaal.o(x$fpl$dsqrt)
    x$fpl$dsub                               0x00001d48   Section      468  daddsub_clz.o(x$fpl$dsub)
    _dsub1                                   0x00001d59   Thumb Code     0  daddsub_clz.o(x$fpl$dsub)
    x$fpl$retnan                             0x00001f1c   Section      100  retnan.o(x$fpl$retnan)
    x$fpl$scalbn                             0x00001f80   Section       92  scalbn.o(x$fpl$scalbn)
    x$fpl$trapveneer                         0x00001fdc   Section       48  trapv.o(x$fpl$trapveneer)
    x$fpl$usenofp                            0x0000200c   Section        0  usenofp.o(x$fpl$usenofp)
    .constdata                               0x00002010   Section      136  pow.o(.constdata)
    bp                                       0x00002010   Data          16  pow.o(.constdata)
    dp_h                                     0x00002020   Data          16  pow.o(.constdata)
    dp_l                                     0x00002030   Data          16  pow.o(.constdata)
    L                                        0x00002040   Data          48  pow.o(.constdata)
    P                                        0x00002070   Data          40  pow.o(.constdata)
    .constdata                               0x00002098   Section        8  qnan.o(.constdata)
    .data                                    0x1fff0000   Section      104  lab5.o(.data)
    .bss                                     0x1fff0068   Section       12  lab5.o(.bss)
    .bss                                     0x1fff0074   Section       96  libspace.o(.bss)

    Global Symbols

    Symbol Name                              Value     Ov Type        Size  Object(Section)

    BuildAttributes$$THM_ISAv4$E$P$D$K$B$S$7EM$PE$A:L22UL41UL21$X:L11$S22US41US21$IEEE1$IW$USESV6$~STKCKD$USESV7$~SHL$OTIME$ROPI$IEEEX$EBA8$UX$STANDARDLIB$REQ8$PRES8$EABIv2 0x00000000   Number         0  anon$$obj.o ABSOLUTE
    Image$$VECTOR_RAM$$Base                  0x00000000   Number         0  anon$$obj.o ABSOLUTE
    Image$$VECTOR_ROM$$Base                  0x00000000   Number         0  anon$$obj.o ABSOLUTE
    __ARM_use_no_argv                        0x00000000   Number         0  lab5.o ABSOLUTE
    __Vectors                                0x00000000   Data           4  startup_mk60d10.o(RESET)
    Image$$ZI$$Limit                          - Undefined Weak Reference
    __ARM_exceptions_init                     - Undefined Weak Reference
    __alloca_initialize                       - Undefined Weak Reference
    __arm_preinit_                            - Undefined Weak Reference
    __cpp_initialize__aeabi_                  - Undefined Weak Reference
    __cxa_finalize                            - Undefined Weak Reference
    __rt_locale                               - Undefined Weak Reference
    __sigvec_lookup                           - Undefined Weak Reference
    __user_heap_extent                        - Undefined Weak Reference
    _atexit_init                              - Undefined Weak Reference
    _call_atexit_fns                          - Undefined Weak Reference
    _clock_init                               - Undefined Weak Reference
    _fp_trap_init                             - Undefined Weak Reference
    _fp_trap_shutdown                         - Undefined Weak Reference
    _get_lc_collate                           - Undefined Weak Reference
    _get_lc_ctype                             - Undefined Weak Reference
    _get_lc_monetary                          - Undefined Weak Reference
    _get_lc_numeric                           - Undefined Weak Reference
    _get_lc_time                              - Undefined Weak Reference
    _getenv_init                              - Undefined Weak Reference
    _handle_redirection                       - Undefined Weak Reference
    _initio                                   - Undefined Weak Reference
    _mutex_acquire                            - Undefined Weak Reference
    _mutex_free                               - Undefined Weak Reference
    _mutex_release                            - Undefined Weak Reference
    _printf_mbtowc                            - Undefined Weak Reference
    _printf_post_padding                      - Undefined Weak Reference
    _printf_pre_padding                       - Undefined Weak Reference
    _printf_truncate_signed                   - Undefined Weak Reference
    _printf_truncate_unsigned                 - Undefined Weak Reference
    _rand_init                                - Undefined Weak Reference
    _signal_finish                            - Undefined Weak Reference
    _signal_init                              - Undefined Weak Reference
    _terminateio                              - Undefined Weak Reference
    __Vectors_End                            0x00000400   Data           0  startup_mk60d10.o(RESET)
    __Vectors_Size                           0x00000400   Number         0  startup_mk60d10.o ABSOLUTE
    __main                                   0x00000411   Thumb Code     8  __main.o(!!!main)
    __scatterload                            0x00000419   Thumb Code     0  __scatter.o(!!!scatter)
    __scatterload_rt2                        0x00000419   Thumb Code    44  __scatter.o(!!!scatter)
    __scatterload_rt2_thumb_only             0x00000419   Thumb Code     0  __scatter.o(!!!scatter)
    __scatterload_null                       0x00000427   Thumb Code     0  __scatter.o(!!!scatter)
    __scatterload_copy                       0x0000044d   Thumb Code    26  __scatter_copy.o(!!handler_copy)
    __scatterload_zeroinit                   0x00000469   Thumb Code    28  __scatter_zi.o(!!handler_zi)
    __rt_lib_init                            0x00000485   Thumb Code     0  libinit.o(.ARM.Collect$$libinit$$00000000)
    __rt_lib_init_alloca_1                   0x00000487   Thumb Code     0  libinit2.o(.ARM.Collect$$libinit$$0000002E)
    __rt_lib_init_argv_1                     0x00000487   Thumb Code     0  libinit2.o(.ARM.Collect$$libinit$$0000002C)
    __rt_lib_init_atexit_1                   0x00000487   Thumb Code     0  libinit2.o(.ARM.Collect$$libinit$$0000001B)
    __rt_lib_init_clock_1                    0x00000487   Thumb Code     0  libinit2.o(.ARM.Collect$$libinit$$00000021)
    __rt_lib_init_cpp_1                      0x00000487   Thumb Code     0  libinit2.o(.ARM.Collect$$libinit$$00000032)
    __rt_lib_init_exceptions_1               0x00000487   Thumb Code     0  libinit2.o(.ARM.Collect$$libinit$$00000030)
    __rt_lib_init_fp_1                       0x00000487   Thumb Code     0  libinit2.o(.ARM.Collect$$libinit$$00000002)
    __rt_lib_init_fp_trap_1                  0x00000487   Thumb Code     0  libinit2.o(.ARM.Collect$$libinit$$0000001F)
    __rt_lib_init_getenv_1                   0x00000487   Thumb Code     0  libinit2.o(.ARM.Collect$$libinit$$00000023)
    __rt_lib_init_heap_1                     0x00000487   Thumb Code     0  libinit2.o(.ARM.Collect$$libinit$$0000000A)
    __rt_lib_init_lc_collate_1               0x00000487   Thumb Code     0  libinit2.o(.ARM.Collect$$libinit$$00000011)
    __rt_lib_init_lc_ctype_1                 0x00000487   Thumb Code     0  libinit2.o(.ARM.Collect$$libinit$$00000013)
    __rt_lib_init_lc_monetary_1              0x00000487   Thumb Code     0  libinit2.o(.ARM.Collect$$libinit$$00000015)
    __rt_lib_init_lc_numeric_1               0x00000487   Thumb Code     0  libinit2.o(.ARM.Collect$$libinit$$00000017)
    __rt_lib_init_lc_time_1                  0x00000487   Thumb Code     0  libinit2.o(.ARM.Collect$$libinit$$00000019)
    __rt_lib_init_preinit_1                  0x00000487   Thumb Code     0  libinit2.o(.ARM.Collect$$libinit$$00000004)
    __rt_lib_init_rand_1                     0x00000487   Thumb Code     0  libinit2.o(.ARM.Collect$$libinit$$0000000E)
    __rt_lib_init_return                     0x00000487   Thumb Code     0  libinit2.o(.ARM.Collect$$libinit$$00000033)
    __rt_lib_init_signal_1                   0x00000487   Thumb Code     0  libinit2.o(.ARM.Collect$$libinit$$0000001D)
    __rt_lib_init_stdio_1                    0x00000487   Thumb Code     0  libinit2.o(.ARM.Collect$$libinit$$00000025)
    __rt_lib_init_user_alloc_1               0x00000487   Thumb Code     0  libinit2.o(.ARM.Collect$$libinit$$0000000C)
    __rt_lib_shutdown                        0x00000489   Thumb Code     0  libshutdown.o(.ARM.Collect$$libshutdown$$00000000)
    __rt_lib_shutdown_cpp_1                  0x0000048b   Thumb Code     0  libshutdown2.o(.ARM.Collect$$libshutdown$$00000002)
    __rt_lib_shutdown_fp_trap_1              0x0000048b   Thumb Code     0  libshutdown2.o(.ARM.Collect$$libshutdown$$00000007)
    __rt_lib_shutdown_heap_1                 0x0000048b   Thumb Code     0  libshutdown2.o(.ARM.Collect$$libshutdown$$0000000F)
    __rt_lib_shutdown_return                 0x0000048b   Thumb Code     0  libshutdown2.o(.ARM.Collect$$libshutdown$$00000010)
    __rt_lib_shutdown_signal_1               0x0000048b   Thumb Code     0  libshutdown2.o(.ARM.Collect$$libshutdown$$0000000A)
    __rt_lib_shutdown_stdio_1                0x0000048b   Thumb Code     0  libshutdown2.o(.ARM.Collect$$libshutdown$$00000004)
    __rt_lib_shutdown_user_alloc_1           0x0000048b   Thumb Code     0  libshutdown2.o(.ARM.Collect$$libshutdown$$0000000C)
    __rt_entry                               0x0000048d   Thumb Code     0  __rtentry.o(.ARM.Collect$$rtentry$$00000000)
    __rt_entry_presh_1                       0x0000048d   Thumb Code     0  __rtentry2.o(.ARM.Collect$$rtentry$$00000002)
    __rt_entry_sh                            0x0000048d   Thumb Code     0  __rtentry7.o(.ARM.Collect$$rtentry$$00000007)
    __rt_entry_li                            0x00000491   Thumb Code     0  __rtentry2.o(.ARM.Collect$$rtentry$$0000000A)
    __rt_entry_postsh_1                      0x00000491   Thumb Code     0  __rtentry2.o(.ARM.Collect$$rtentry$$00000009)
    __rt_entry_main                          0x00000495   Thumb Code     0  __rtentry2.o(.ARM.Collect$$rtentry$$0000000D)
    __rt_entry_postli_1                      0x00000495   Thumb Code     0  __rtentry2.o(.ARM.Collect$$rtentry$$0000000C)
    __rt_exit                                0x000004a1   Thumb Code     0  rtexit.o(.ARM.Collect$$rtexit$$00000000)
    __rt_exit_ls                             0x000004a3   Thumb Code     0  rtexit2.o(.ARM.Collect$$rtexit$$00000003)
    __rt_exit_prels_1                        0x000004a3   Thumb Code     0  rtexit2.o(.ARM.Collect$$rtexit$$00000002)
    __rt_exit_exit                           0x000004a7   Thumb Code     0  rtexit2.o(.ARM.Collect$$rtexit$$00000004)
    Reset_Handler                            0x000004ad   Thumb Code    18  startup_mk60d10.o(.text)
    NMI_Handler                              0x000004bf   Thumb Code     2  startup_mk60d10.o(.text)
    HardFault_Handler                        0x000004c1   Thumb Code     2  startup_mk60d10.o(.text)
    MemManage_Handler                        0x000004c3   Thumb Code     2  startup_mk60d10.o(.text)
    BusFault_Handler                         0x000004c5   Thumb Code     2  startup_mk60d10.o(.text)
    UsageFault_Handler                       0x000004c7   Thumb Code     2  startup_mk60d10.o(.text)
    SVC_Handler                              0x000004c9   Thumb Code     2  startup_mk60d10.o(.text)
    DebugMon_Handler                         0x000004cb   Thumb Code     2  startup_mk60d10.o(.text)
    PendSV_Handler                           0x000004cd   Thumb Code     2  startup_mk60d10.o(.text)
    SysTick_Handler                          0x000004cf   Thumb Code     2  startup_mk60d10.o(.text)
    ADC1_IRQHandler                          0x000004d1   Thumb Code     0  startup_mk60d10.o(.text)
    CAN0_Bus_Off_IRQHandler                  0x000004d1   Thumb Code     0  startup_mk60d10.o(.text)
    CAN0_Error_IRQHandler                    0x000004d1   Thumb Code     0  startup_mk60d10.o(.text)
    CAN0_ORed_Message_buffer_IRQHandler      0x000004d1   Thumb Code     0  startup_mk60d10.o(.text)
    CAN0_Rx_Warning_IRQHandler               0x000004d1   Thumb Code     0  startup_mk60d10.o(.text)
    CAN0_Tx_Warning_IRQHandler               0x000004d1   Thumb Code     0  startup_mk60d10.o(.text)
    CAN0_Wake_Up_IRQHandler                  0x000004d1   Thumb Code     0  startup_mk60d10.o(.text)
    CAN1_Bus_Off_IRQHandler                  0x000004d1   Thumb Code     0  startup_mk60d10.o(.text)
    CAN1_Error_IRQHandler                    0x000004d1   Thumb Code     0  startup_mk60d10.o(.text)
    CAN1_ORed_Message_buffer_IRQHandler      0x000004d1   Thumb Code     0  startup_mk60d10.o(.text)
    CAN1_Rx_Warning_IRQHandler               0x000004d1   Thumb Code     0  startup_mk60d10.o(.text)
    CAN1_Tx_Warning_IRQHandler               0x000004d1   Thumb Code     0  startup_mk60d10.o(.text)
    CAN1_Wake_Up_IRQHandler                  0x000004d1   Thumb Code     0  startup_mk60d10.o(.text)
    CMP0_IRQHandler                          0x000004d1   Thumb Code     0  startup_mk60d10.o(.text)
    CMP1_IRQHandler                          0x000004d1   Thumb Code     0  startup_mk60d10.o(.text)
    CMP2_IRQHandler                          0x000004d1   Thumb Code     0  startup_mk60d10.o(.text)
    CMT_IRQHandler                           0x000004d1   Thumb Code     0  startup_mk60d10.o(.text)
    DAC0_IRQHandler                          0x000004d1   Thumb Code     0  startup_mk60d10.o(.text)
    DAC1_IRQHandler                          0x000004d1   Thumb Code     0  startup_mk60d10.o(.text)
    DMA0_IRQHandler                          0x000004d1   Thumb Code     0  startup_mk60d10.o(.text)
    DMA10_IRQHandler                         0x000004d1   Thumb Code     0  startup_mk60d10.o(.text)
    DMA11_IRQHandler                         0x000004d1   Thumb Code     0  startup_mk60d10.o(.text)
    DMA12_IRQHandler                         0x000004d1   Thumb Code     0  startup_mk60d10.o(.text)
    DMA13_IRQHandler                         0x000004d1   Thumb Code     0  startup_mk60d10.o(.text)
    DMA14_IRQHandler                         0x000004d1   Thumb Code     0  startup_mk60d10.o(.text)
    DMA15_IRQHandler                         0x000004d1   Thumb Code     0  startup_mk60d10.o(.text)
    DMA1_IRQHandler                          0x000004d1   Thumb Code     0  startup_mk60d10.o(.text)
    DMA2_IRQHandler                          0x000004d1   Thumb Code     0  startup_mk60d10.o(.text)
    DMA3_IRQHandler                          0x000004d1   Thumb Code     0  startup_mk60d10.o(.text)
    DMA4_IRQHandler                          0x000004d1   Thumb Code     0  startup_mk60d10.o(.text)
    DMA5_IRQHandler                          0x000004d1   Thumb Code     0  startup_mk60d10.o(.text)
    DMA6_IRQHandler                          0x000004d1   Thumb Code     0  startup_mk60d10.o(.text)
    DMA7_IRQHandler                          0x000004d1   Thumb Code     0  startup_mk60d10.o(.text)
    DMA8_IRQHandler                          0x000004d1   Thumb Code     0  startup_mk60d10.o(.text)
    DMA9_IRQHandler                          0x000004d1   Thumb Code     0  startup_mk60d10.o(.text)
    DMA_Error_IRQHandler                     0x000004d1   Thumb Code     0  startup_mk60d10.o(.text)
    DefaultISR                               0x000004d1   Thumb Code     0  startup_mk60d10.o(.text)
    ENET_1588_Timer_IRQHandler               0x000004d1   Thumb Code     0  startup_mk60d10.o(.text)
    ENET_Error_IRQHandler                    0x000004d1   Thumb Code     0  startup_mk60d10.o(.text)
    ENET_Receive_IRQHandler                  0x000004d1   Thumb Code     0  startup_mk60d10.o(.text)
    ENET_Transmit_IRQHandler                 0x000004d1   Thumb Code     0  startup_mk60d10.o(.text)
    FTFL_IRQHandler                          0x000004d1   Thumb Code     0  startup_mk60d10.o(.text)
    FTM0_IRQHandler                          0x000004d1   Thumb Code     0  startup_mk60d10.o(.text)
    FTM1_IRQHandler                          0x000004d1   Thumb Code     0  startup_mk60d10.o(.text)
    FTM2_IRQHandler                          0x000004d1   Thumb Code     0  startup_mk60d10.o(.text)
    I2C0_IRQHandler                          0x000004d1   Thumb Code     0  startup_mk60d10.o(.text)
    I2C1_IRQHandler                          0x000004d1   Thumb Code     0  startup_mk60d10.o(.text)
    I2S0_Rx_IRQHandler                       0x000004d1   Thumb Code     0  startup_mk60d10.o(.text)
    I2S0_Tx_IRQHandler                       0x000004d1   Thumb Code     0  startup_mk60d10.o(.text)
    LLWU_IRQHandler                          0x000004d1   Thumb Code     0  startup_mk60d10.o(.text)
    LPTMR0_IRQHandler                        0x000004d1   Thumb Code     0  startup_mk60d10.o(.text)
    LVD_LVW_IRQHandler                       0x000004d1   Thumb Code     0  startup_mk60d10.o(.text)
    MCG_IRQHandler                           0x000004d1   Thumb Code     0  startup_mk60d10.o(.text)
    MCM_IRQHandler                           0x000004d1   Thumb Code     0  startup_mk60d10.o(.text)
    PIT0_IRQHandler                          0x000004d1   Thumb Code     0  startup_mk60d10.o(.text)
    PIT2_IRQHandler                          0x000004d1   Thumb Code     0  startup_mk60d10.o(.text)
    PIT3_IRQHandler                          0x000004d1   Thumb Code     0  startup_mk60d10.o(.text)
    PORTA_IRQHandler                         0x000004d1   Thumb Code     0  startup_mk60d10.o(.text)
    PORTB_IRQHandler                         0x000004d1   Thumb Code     0  startup_mk60d10.o(.text)
    PORTC_IRQHandler                         0x000004d1   Thumb Code     0  startup_mk60d10.o(.text)
    PORTD_IRQHandler                         0x000004d1   Thumb Code     0  startup_mk60d10.o(.text)
    PORTE_IRQHandler                         0x000004d1   Thumb Code     0  startup_mk60d10.o(.text)
    RNG_IRQHandler                           0x000004d1   Thumb Code     0  startup_mk60d10.o(.text)
    RTC_IRQHandler                           0x000004d1   Thumb Code     0  startup_mk60d10.o(.text)
    RTC_Seconds_IRQHandler                   0x000004d1   Thumb Code     0  startup_mk60d10.o(.text)
    Read_Collision_IRQHandler                0x000004d1   Thumb Code     0  startup_mk60d10.o(.text)
    Reserved102_IRQHandler                   0x000004d1   Thumb Code     0  startup_mk60d10.o(.text)
    Reserved108_IRQHandler                   0x000004d1   Thumb Code     0  startup_mk60d10.o(.text)
    Reserved109_IRQHandler                   0x000004d1   Thumb Code     0  startup_mk60d10.o(.text)
    Reserved111_IRQHandler                   0x000004d1   Thumb Code     0  startup_mk60d10.o(.text)
    Reserved112_IRQHandler                   0x000004d1   Thumb Code     0  startup_mk60d10.o(.text)
    Reserved113_IRQHandler                   0x000004d1   Thumb Code     0  startup_mk60d10.o(.text)
    Reserved114_IRQHandler                   0x000004d1   Thumb Code     0  startup_mk60d10.o(.text)
    Reserved115_IRQHandler                   0x000004d1   Thumb Code     0  startup_mk60d10.o(.text)
    Reserved116_IRQHandler                   0x000004d1   Thumb Code     0  startup_mk60d10.o(.text)
    Reserved117_IRQHandler                   0x000004d1   Thumb Code     0  startup_mk60d10.o(.text)
    Reserved118_IRQHandler                   0x000004d1   Thumb Code     0  startup_mk60d10.o(.text)
    Reserved119_IRQHandler                   0x000004d1   Thumb Code     0  startup_mk60d10.o(.text)
    Reserved59_IRQHandler                    0x000004d1   Thumb Code     0  startup_mk60d10.o(.text)
    Reserved95_IRQHandler                    0x000004d1   Thumb Code     0  startup_mk60d10.o(.text)
    SDHC_IRQHandler                          0x000004d1   Thumb Code     0  startup_mk60d10.o(.text)
    SPI0_IRQHandler                          0x000004d1   Thumb Code     0  startup_mk60d10.o(.text)
    SPI1_IRQHandler                          0x000004d1   Thumb Code     0  startup_mk60d10.o(.text)
    SPI2_IRQHandler                          0x000004d1   Thumb Code     0  startup_mk60d10.o(.text)
    SWI_IRQHandler                           0x000004d1   Thumb Code     0  startup_mk60d10.o(.text)
    TSI0_IRQHandler                          0x000004d1   Thumb Code     0  startup_mk60d10.o(.text)
    UART0_ERR_IRQHandler                     0x000004d1   Thumb Code     0  startup_mk60d10.o(.text)
    UART0_LON_IRQHandler                     0x000004d1   Thumb Code     0  startup_mk60d10.o(.text)
    UART0_RX_TX_IRQHandler                   0x000004d1   Thumb Code     0  startup_mk60d10.o(.text)
    UART1_ERR_IRQHandler                     0x000004d1   Thumb Code     0  startup_mk60d10.o(.text)
    UART1_RX_TX_IRQHandler                   0x000004d1   Thumb Code     0  startup_mk60d10.o(.text)
    UART2_ERR_IRQHandler                     0x000004d1   Thumb Code     0  startup_mk60d10.o(.text)
    UART2_RX_TX_IRQHandler                   0x000004d1   Thumb Code     0  startup_mk60d10.o(.text)
    UART3_ERR_IRQHandler                     0x000004d1   Thumb Code     0  startup_mk60d10.o(.text)
    UART3_RX_TX_IRQHandler                   0x000004d1   Thumb Code     0  startup_mk60d10.o(.text)
    UART4_ERR_IRQHandler                     0x000004d1   Thumb Code     0  startup_mk60d10.o(.text)
    UART4_RX_TX_IRQHandler                   0x000004d1   Thumb Code     0  startup_mk60d10.o(.text)
    UART5_ERR_IRQHandler                     0x000004d1   Thumb Code     0  startup_mk60d10.o(.text)
    UART5_RX_TX_IRQHandler                   0x000004d1   Thumb Code     0  startup_mk60d10.o(.text)
    USB0_IRQHandler                          0x000004d1   Thumb Code     0  startup_mk60d10.o(.text)
    USBDCD_IRQHandler                        0x000004d1   Thumb Code     0  startup_mk60d10.o(.text)
    WDOG_EWM_IRQHandler                      0x000004d1   Thumb Code     0  startup_mk60d10.o(.text)
    __read_errno                             0x000004e5   Thumb Code    10  _rserrno.o(.text)
    __set_errno                              0x000004ef   Thumb Code    12  _rserrno.o(.text)
    __aeabi_errno_addr                       0x000004fd   Thumb Code     8  rt_errno_addr_intlibspace.o(.text)
    __errno$intlibspace                      0x000004fd   Thumb Code     0  rt_errno_addr_intlibspace.o(.text)
    __rt_errno_addr$intlibspace              0x000004fd   Thumb Code     0  rt_errno_addr_intlibspace.o(.text)
    __I$use$semihosting                      0x00000505   Thumb Code     0  use_no_semi.o(.text)
    __use_no_semihosting_swi                 0x00000505   Thumb Code     2  use_no_semi.o(.text)
    __semihosting_library_function           0x00000507   Thumb Code     0  indicate_semi.o(.text)
    exit                                     0x00000507   Thumb Code    18  exit.o(.text)
    _sys_exit                                0x00000519   Thumb Code     8  sys_exit.o(.text)
    ADC0_IRQHandler                          0x00000525   Thumb Code   238  lab5.o(i.ADC0_IRQHandler)
    ADC_CONFIG                               0x0000063d   Thumb Code    24  lab5.o(i.ADC_CONFIG)
    DAC_CONFIG                               0x00000659   Thumb Code    38  lab5.o(i.DAC_CONFIG)
    INIT_CONFIG                              0x00000685   Thumb Code    36  lab5.o(i.INIT_CONFIG)
    PDB0_IRQHandler                          0x000006ad   Thumb Code    26  lab5.o(i.PDB0_IRQHandler)
    PDB_INIT                                 0x000006cd   Thumb Code    44  lab5.o(i.PDB_INIT)
    PIT1_CONFIG                              0x00000701   Thumb Code    28  lab5.o(i.PIT1_CONFIG)
    PIT1_IRQHandler                          0x00000729   Thumb Code    18  lab5.o(i.PIT1_IRQHandler)
    SET_PINS_GPIO                            0x00000745   Thumb Code    48  lab5.o(i.SET_PINS_GPIO)
    SystemInit                               0x00000785   Thumb Code    22  system_mk60d10.o(i.SystemInit)
    __ARM_fpclassify                         0x000007a1   Thumb Code    40  fpclassify.o(i.__ARM_fpclassify)
    __kernel_poly                            0x000007c9   Thumb Code   170  poly.o(i.__kernel_poly)
    __mathlib_dbl_divzero                    0x00000875   Thumb Code    12  dunder.o(i.__mathlib_dbl_divzero)
    __mathlib_dbl_infnan2                    0x00000885   Thumb Code     4  dunder.o(i.__mathlib_dbl_infnan2)
    __mathlib_dbl_invalid                    0x00000889   Thumb Code    12  dunder.o(i.__mathlib_dbl_invalid)
    __mathlib_dbl_overflow                   0x00000895   Thumb Code    14  dunder.o(i.__mathlib_dbl_overflow)
    __mathlib_dbl_underflow                  0x000008a5   Thumb Code    10  dunder.o(i.__mathlib_dbl_underflow)
    init_data_bss                            0x000008b5   Thumb Code    54  startup.o(i.init_data_bss)
    main                                     0x000008fd   Thumb Code   176  lab5.o(i.main)
    pow                                      0x000009b9   Thumb Code  2512  pow.o(i.pow)
    sqrt                                     0x00001391   Thumb Code    76  sqrt.o(i.sqrt)
    __aeabi_dadd                             0x000013dd   Thumb Code     0  daddsub_clz.o(x$fpl$dadd)
    _dadd                                    0x000013dd   Thumb Code   332  daddsub_clz.o(x$fpl$dadd)
    __fpl_dcheck_NaN1                        0x0000152d   Thumb Code    10  dcheck1.o(x$fpl$dcheck1)
    __fpl_dcmp_Inf                           0x0000153d   Thumb Code    24  dcmpi.o(x$fpl$dcmpinf)
    __aeabi_ddiv                             0x00001555   Thumb Code     0  ddiv.o(x$fpl$ddiv)
    _ddiv                                    0x00001555   Thumb Code   552  ddiv.o(x$fpl$ddiv)
    __aeabi_d2iz                             0x00001805   Thumb Code     0  dfix.o(x$fpl$dfix)
    _dfix                                    0x00001805   Thumb Code    94  dfix.o(x$fpl$dfix)
    __aeabi_i2d                              0x00001863   Thumb Code     0  dflt_clz.o(x$fpl$dflt)
    _dflt                                    0x00001863   Thumb Code    46  dflt_clz.o(x$fpl$dflt)
    __aeabi_ui2d                             0x00001891   Thumb Code     0  dflt_clz.o(x$fpl$dfltu)
    _dfltu                                   0x00001891   Thumb Code    38  dflt_clz.o(x$fpl$dfltu)
    __aeabi_cdcmple                          0x000018b9   Thumb Code     0  dleqf.o(x$fpl$dleqf)
    _dcmple                                  0x000018b9   Thumb Code   120  dleqf.o(x$fpl$dleqf)
    __fpl_dcmple_InfNaN                      0x0000191b   Thumb Code     0  dleqf.o(x$fpl$dleqf)
    __aeabi_dmul                             0x00001931   Thumb Code     0  dmul.o(x$fpl$dmul)
    _dmul                                    0x00001931   Thumb Code   332  dmul.o(x$fpl$dmul)
    __fpl_dnaninf                            0x00001a85   Thumb Code   156  dnaninf.o(x$fpl$dnaninf)
    __fpl_dretinf                            0x00001b21   Thumb Code    12  dretinf.o(x$fpl$dretinf)
    __aeabi_cdrcmple                         0x00001b2d   Thumb Code     0  drleqf.o(x$fpl$drleqf)
    _drcmple                                 0x00001b2d   Thumb Code   108  drleqf.o(x$fpl$drleqf)
    __aeabi_drsub                            0x00001b99   Thumb Code     0  daddsub_clz.o(x$fpl$drsb)
    _drsb                                    0x00001b99   Thumb Code    22  daddsub_clz.o(x$fpl$drsb)
    _dsqrt                                   0x00001bb1   Thumb Code   404  dsqrt_umaal.o(x$fpl$dsqrt)
    __aeabi_dsub                             0x00001d49   Thumb Code     0  daddsub_clz.o(x$fpl$dsub)
    _dsub                                    0x00001d49   Thumb Code   464  daddsub_clz.o(x$fpl$dsub)
    __fpl_return_NaN                         0x00001f1d   Thumb Code   100  retnan.o(x$fpl$retnan)
    __ARM_scalbn                             0x00001f81   Thumb Code    92  scalbn.o(x$fpl$scalbn)
    __fpl_cmpreturn                          0x00001fdd   Thumb Code    48  trapv.o(x$fpl$trapveneer)
    __I$use$fp                               0x0000200c   Number         0  usenofp.o(x$fpl$usenofp)
    __mathlib_zero                           0x00002098   Data           8  qnan.o(.constdata)
    Region$$Table$$Base                      0x000020a0   Number         0  anon$$obj.o(Region$$Table)
    Region$$Table$$Limit                     0x000020c0   Number         0  anon$$obj.o(Region$$Table)
    ADC_Val_Hex                              0x1fff0000   Data           4  lab5.o(.data)
    Image$$RW_m_data$$Base                   0x1fff0000   Number         0  anon$$obj.o ABSOLUTE
    ADC_Val_Hex_Parsed                       0x1fff0004   Data           4  lab5.o(.data)
    counter                                  0x1fff0008   Data           4  lab5.o(.data)
    ADC_Val_HexSum                           0x1fff000c   Data           4  lab5.o(.data)
    Hex_Val_Avg                              0x1fff0010   Data           4  lab5.o(.data)
    PIT_Count                                0x1fff0014   Data           4  lab5.o(.data)
    BCD_Vals                                 0x1fff0018   Data          80  lab5.o(.data)
    digits                                   0x1fff0068   Data          12  lab5.o(.bss)
    __libspace_start                         0x1fff0074   Data          96  libspace.o(.bss)
    Image$$ARM_LIB_HEAP$$ZI$$Base            0x1fff00d4   Number         0  anon$$obj.o ABSOLUTE
    __temporary_stack_top$libspace           0x1fff00d4   Data           0  libspace.o(.bss)
    Image$$ARM_LIB_HEAP$$ZI$$Limit           0x1fff04d4   Number         0  anon$$obj.o ABSOLUTE
    Image$$ARM_LIB_STACK$$ZI$$Limit          0x20010000   Number         0  anon$$obj.o ABSOLUTE



==============================================================================

Memory Map of the image

  Image Entry point : 0x00000411

  Load Region LR_m_text (Base: 0x00000410, Size: 0x00001d18, Max: 0x0007fbf0, ABSOLUTE)

    Execution Region ER_m_text (Base: 0x00000410, Size: 0x00001cb0, Max: 0x0007fbf0, ABSOLUTE)

    Base Addr    Size         Type   Attr      Idx    E Section Name        Object

    0x00000410   0x00000008   Code   RO         2466  * !!!main             c_w.l(__main.o)
    0x00000418   0x00000034   Code   RO         2786    !!!scatter          c_w.l(__scatter.o)
    0x0000044c   0x0000001a   Code   RO         2788    !!handler_copy      c_w.l(__scatter_copy.o)
    0x00000466   0x00000002   PAD
    0x00000468   0x0000001c   Code   RO         2790    !!handler_zi        c_w.l(__scatter_zi.o)
    0x00000484   0x00000002   Code   RO         2713    .ARM.Collect$$libinit$$00000000  c_w.l(libinit.o)
    0x00000486   0x00000000   Code   RO         2540    .ARM.Collect$$libinit$$00000002  c_w.l(libinit2.o)
    0x00000486   0x00000000   Code   RO         2542    .ARM.Collect$$libinit$$00000004  c_w.l(libinit2.o)
    0x00000486   0x00000000   Code   RO         2545    .ARM.Collect$$libinit$$0000000A  c_w.l(libinit2.o)
    0x00000486   0x00000000   Code   RO         2547    .ARM.Collect$$libinit$$0000000C  c_w.l(libinit2.o)
    0x00000486   0x00000000   Code   RO         2549    .ARM.Collect$$libinit$$0000000E  c_w.l(libinit2.o)
    0x00000486   0x00000000   Code   RO         2552    .ARM.Collect$$libinit$$00000011  c_w.l(libinit2.o)
    0x00000486   0x00000000   Code   RO         2554    .ARM.Collect$$libinit$$00000013  c_w.l(libinit2.o)
    0x00000486   0x00000000   Code   RO         2556    .ARM.Collect$$libinit$$00000015  c_w.l(libinit2.o)
    0x00000486   0x00000000   Code   RO         2558    .ARM.Collect$$libinit$$00000017  c_w.l(libinit2.o)
    0x00000486   0x00000000   Code   RO         2560    .ARM.Collect$$libinit$$00000019  c_w.l(libinit2.o)
    0x00000486   0x00000000   Code   RO         2562    .ARM.Collect$$libinit$$0000001B  c_w.l(libinit2.o)
    0x00000486   0x00000000   Code   RO         2564    .ARM.Collect$$libinit$$0000001D  c_w.l(libinit2.o)
    0x00000486   0x00000000   Code   RO         2566    .ARM.Collect$$libinit$$0000001F  c_w.l(libinit2.o)
    0x00000486   0x00000000   Code   RO         2568    .ARM.Collect$$libinit$$00000021  c_w.l(libinit2.o)
    0x00000486   0x00000000   Code   RO         2570    .ARM.Collect$$libinit$$00000023  c_w.l(libinit2.o)
    0x00000486   0x00000000   Code   RO         2572    .ARM.Collect$$libinit$$00000025  c_w.l(libinit2.o)
    0x00000486   0x00000000   Code   RO         2576    .ARM.Collect$$libinit$$0000002C  c_w.l(libinit2.o)
    0x00000486   0x00000000   Code   RO         2578    .ARM.Collect$$libinit$$0000002E  c_w.l(libinit2.o)
    0x00000486   0x00000000   Code   RO         2580    .ARM.Collect$$libinit$$00000030  c_w.l(libinit2.o)
    0x00000486   0x00000000   Code   RO         2582    .ARM.Collect$$libinit$$00000032  c_w.l(libinit2.o)
    0x00000486   0x00000002   Code   RO         2583    .ARM.Collect$$libinit$$00000033  c_w.l(libinit2.o)
    0x00000488   0x00000002   Code   RO         2783    .ARM.Collect$$libshutdown$$00000000  c_w.l(libshutdown.o)
    0x0000048a   0x00000000   Code   RO         2737    .ARM.Collect$$libshutdown$$00000002  c_w.l(libshutdown2.o)
    0x0000048a   0x00000000   Code   RO         2739    .ARM.Collect$$libshutdown$$00000004  c_w.l(libshutdown2.o)
    0x0000048a   0x00000000   Code   RO         2742    .ARM.Collect$$libshutdown$$00000007  c_w.l(libshutdown2.o)
    0x0000048a   0x00000000   Code   RO         2745    .ARM.Collect$$libshutdown$$0000000A  c_w.l(libshutdown2.o)
    0x0000048a   0x00000000   Code   RO         2747    .ARM.Collect$$libshutdown$$0000000C  c_w.l(libshutdown2.o)
    0x0000048a   0x00000000   Code   RO         2750    .ARM.Collect$$libshutdown$$0000000F  c_w.l(libshutdown2.o)
    0x0000048a   0x00000002   Code   RO         2751    .ARM.Collect$$libshutdown$$00000010  c_w.l(libshutdown2.o)
    0x0000048c   0x00000000   Code   RO         2500    .ARM.Collect$$rtentry$$00000000  c_w.l(__rtentry.o)
    0x0000048c   0x00000000   Code   RO         2628    .ARM.Collect$$rtentry$$00000002  c_w.l(__rtentry2.o)
    0x0000048c   0x00000004   Code   RO         2642    .ARM.Collect$$rtentry$$00000007  c_w.l(__rtentry7.o)
    0x00000490   0x00000000   Code   RO         2630    .ARM.Collect$$rtentry$$00000009  c_w.l(__rtentry2.o)
    0x00000490   0x00000004   Code   RO         2631    .ARM.Collect$$rtentry$$0000000A  c_w.l(__rtentry2.o)
    0x00000494   0x00000000   Code   RO         2633    .ARM.Collect$$rtentry$$0000000C  c_w.l(__rtentry2.o)
    0x00000494   0x00000008   Code   RO         2634    .ARM.Collect$$rtentry$$0000000D  c_w.l(__rtentry2.o)
    0x0000049c   0x00000004   Code   RO         2643    .ARM.Collect$$rtentry$$00002718  c_w.l(__rtentry7.o)
    0x000004a0   0x00000002   Code   RO         2722    .ARM.Collect$$rtexit$$00000000  c_w.l(rtexit.o)
    0x000004a2   0x00000000   Code   RO         2757    .ARM.Collect$$rtexit$$00000002  c_w.l(rtexit2.o)
    0x000004a2   0x00000004   Code   RO         2758    .ARM.Collect$$rtexit$$00000003  c_w.l(rtexit2.o)
    0x000004a6   0x00000006   Code   RO         2759    .ARM.Collect$$rtexit$$00000004  c_w.l(rtexit2.o)
    0x000004ac   0x00000038   Code   RO          253    .text               startup_mk60d10.o
    0x000004e4   0x00000016   Code   RO         2526    .text               c_w.l(_rserrno.o)
    0x000004fa   0x00000002   PAD
    0x000004fc   0x00000008   Code   RO         2650    .text               c_w.l(rt_errno_addr_intlibspace.o)
    0x00000504   0x00000002   Code   RO         2687    .text               c_w.l(use_no_semi.o)
    0x00000506   0x00000000   Code   RO         2689    .text               c_w.l(indicate_semi.o)
    0x00000506   0x00000012   Code   RO         2698    .text               c_w.l(exit.o)
    0x00000518   0x0000000c   Code   RO         2718    .text               c_w.l(sys_exit.o)
    0x00000524   0x00000118   Code   RO          646    i.ADC0_IRQHandler   lab5.o
    0x0000063c   0x0000001c   Code   RO          647    i.ADC_CONFIG        lab5.o
    0x00000658   0x0000002c   Code   RO          648    i.DAC_CONFIG        lab5.o
    0x00000684   0x00000028   Code   RO          649    i.INIT_CONFIG       lab5.o
    0x000006ac   0x00000020   Code   RO          652    i.PDB0_IRQHandler   lab5.o
    0x000006cc   0x00000034   Code   RO          653    i.PDB_INIT          lab5.o
    0x00000700   0x00000028   Code   RO          654    i.PIT1_CONFIG       lab5.o
    0x00000728   0x0000001c   Code   RO          655    i.PIT1_IRQHandler   lab5.o
    0x00000744   0x00000040   Code   RO          656    i.SET_PINS_GPIO     lab5.o
    0x00000784   0x0000001c   Code   RO          261    i.SystemInit        system_mk60d10.o
    0x000007a0   0x00000028   Code   RO         2609    i.__ARM_fpclassify  m_ws.l(fpclassify.o)
    0x000007c8   0x000000aa   Code   RO         2611    i.__kernel_poly     m_ws.l(poly.o)
    0x00000872   0x00000002   PAD
    0x00000874   0x00000010   Code   RO         2595    i.__mathlib_dbl_divzero  m_ws.l(dunder.o)
    0x00000884   0x00000004   Code   RO         2597    i.__mathlib_dbl_infnan2  m_ws.l(dunder.o)
    0x00000888   0x0000000c   Code   RO         2598    i.__mathlib_dbl_invalid  m_ws.l(dunder.o)
    0x00000894   0x0000000e   Code   RO         2599    i.__mathlib_dbl_overflow  m_ws.l(dunder.o)
    0x000008a2   0x00000002   PAD
    0x000008a4   0x00000010   Code   RO         2601    i.__mathlib_dbl_underflow  m_ws.l(dunder.o)
    0x000008b4   0x00000048   Code   RO          299    i.init_data_bss     startup.o
    0x000008fc   0x000000bc   Code   RO          657    i.main              lab5.o
    0x000009b8   0x000009d8   Code   RO         2489    i.pow               m_ws.l(pow.o)
    0x00001390   0x0000004c   Code   RO         2615    i.sqrt              m_ws.l(sqrt.o)
    0x000013dc   0x00000150   Code   RO         2468    x$fpl$dadd          fz_ws.l(daddsub_clz.o)
    0x0000152c   0x00000010   Code   RO         2679    x$fpl$dcheck1       fz_ws.l(dcheck1.o)
    0x0000153c   0x00000018   Code   RO         2714    x$fpl$dcmpinf       fz_ws.l(dcmpi.o)
    0x00001554   0x000002b0   Code   RO         2475    x$fpl$ddiv          fz_ws.l(ddiv.o)
    0x00001804   0x0000005e   Code   RO         2478    x$fpl$dfix          fz_ws.l(dfix.o)
    0x00001862   0x0000002e   Code   RO         2483    x$fpl$dflt          fz_ws.l(dflt_clz.o)
    0x00001890   0x00000026   Code   RO         2482    x$fpl$dfltu         fz_ws.l(dflt_clz.o)
    0x000018b6   0x00000002   PAD
    0x000018b8   0x00000078   Code   RO         2681    x$fpl$dleqf         fz_ws.l(dleqf.o)
    0x00001930   0x00000154   Code   RO         2584    x$fpl$dmul          fz_ws.l(dmul.o)
    0x00001a84   0x0000009c   Code   RO         2586    x$fpl$dnaninf       fz_ws.l(dnaninf.o)
    0x00001b20   0x0000000c   Code   RO         2588    x$fpl$dretinf       fz_ws.l(dretinf.o)
    0x00001b2c   0x0000006c   Code   RO         2590    x$fpl$drleqf        fz_ws.l(drleqf.o)
    0x00001b98   0x00000016   Code   RO         2469    x$fpl$drsb          fz_ws.l(daddsub_clz.o)
    0x00001bae   0x00000002   PAD
    0x00001bb0   0x00000198   Code   RO         2683    x$fpl$dsqrt         fz_ws.l(dsqrt_umaal.o)
    0x00001d48   0x000001d4   Code   RO         2470    x$fpl$dsub          fz_ws.l(daddsub_clz.o)
    0x00001f1c   0x00000064   Code   RO         2716    x$fpl$retnan        fz_ws.l(retnan.o)
    0x00001f80   0x0000005c   Code   RO         2592    x$fpl$scalbn        fz_ws.l(scalbn.o)
    0x00001fdc   0x00000030   Code   RO         2752    x$fpl$trapveneer    fz_ws.l(trapv.o)
    0x0000200c   0x00000000   Code   RO         2594    x$fpl$usenofp       fz_ws.l(usenofp.o)
    0x0000200c   0x00000004   PAD
    0x00002010   0x00000088   Data   RO         2490    .constdata          m_ws.l(pow.o)
    0x00002098   0x00000008   Data   RO         2613    .constdata          m_ws.l(qnan.o)
    0x000020a0   0x00000020   Data   RO         2784    Region$$Table       anon$$obj.o


    Execution Region RW_m_data (Base: 0x1fff0000, Size: 0x000000d4, Max: 0x00010000, ABSOLUTE)

    Base Addr    Size         Type   Attr      Idx    E Section Name        Object

    0x1fff0000   0x00000068   Data   RW          660    .data               lab5.o
    0x1fff0068   0x0000000c   Zero   RW          659    .bss                lab5.o
    0x1fff0074   0x00000060   Zero   RW         2625    .bss                c_w.l(libspace.o)


    Execution Region ARM_LIB_HEAP (Base: 0x1fff00d4, Size: 0x00000400, Max: 0x00000400, ABSOLUTE)

    Base Addr    Size         Type   Attr      Idx    E Section Name        Object

    0x1fff00d4   0x00000400   Zero   RW            1    ARM_LIB_HEAP.bss    anon$$obj.o


    Execution Region RW_m_data_2 (Base: 0x20000000, Size: 0x00000000, Max: 0x0000f800, ABSOLUTE)

    **** No section assigned to this execution region ****


    Execution Region ARM_LIB_STACK (Base: 0x2000fc00, Size: 0x00000400, Max: 0x00000400, ABSOLUTE)

    Base Addr    Size         Type   Attr      Idx    E Section Name        Object

    0x2000fc00   0x00000400   Zero   RW            2    ARM_LIB_STACK.bss   anon$$obj.o



  Load Region LR_m_interrupts (Base: 0x00000000, Size: 0x00000400, Max: 0x00000400, ABSOLUTE)

    Execution Region VECTOR_RAM (Base: 0x00000000, Size: 0x00000000, Max: 0x00000000, ABSOLUTE)

    Base Addr    Size         Type   Attr      Idx    E Section Name        Object

    0x00000000   0x00000000   Zero   RW            3    VECTOR_RAM.bss      anon$$obj.o


    Execution Region VECTOR_ROM (Base: 0x00000000, Size: 0x00000400, Max: 0x00000400, ABSOLUTE)

    Base Addr    Size         Type   Attr      Idx    E Section Name        Object

    0x00000000   0x00000400   Data   RO          251    RESET               startup_mk60d10.o



  Load Region LR_m_flash_config (Base: 0x00000400, Size: 0x00000010, Max: 0x00000010, ABSOLUTE)

    Execution Region ER_m_flash_config (Base: 0x00000400, Size: 0x00000010, Max: 0x00000010, ABSOLUTE)

    Base Addr    Size         Type   Attr      Idx    E Section Name        Object

    0x00000400   0x00000010   Data   RO          252    FlashConfig         startup_mk60d10.o


==============================================================================

Image component sizes


      Code (inc. data)   RO Data    RW Data    ZI Data      Debug   Object Name

         0          0          0          0          0         32   fsl_debug_console.o
         0          0          0          0          0       4500   fsl_misc_utilities.o
       796        120          0        104         12       5452   lab5.o
        72         18          0          0          0        528   startup.o
        56         18       1040          0          0        888   startup_mk60d10.o
        28          6          0          0          0        513   system_mk60d10.o

    ----------------------------------------------------------------------
       952        162       1072        104       2060      11913   Object Totals
         0          0         32          0       2048          0   (incl. Generated)
         0          0          0          0          0          0   (incl. Padding)

    ----------------------------------------------------------------------

      Code (inc. data)   RO Data    RW Data    ZI Data      Debug   Library Member Name

         8          0          0          0          0         68   __main.o
         0          0          0          0          0          0   __rtentry.o
        12          0          0          0          0          0   __rtentry2.o
         8          4          0          0          0          0   __rtentry7.o
        52          8          0          0          0          0   __scatter.o
        26          0          0          0          0          0   __scatter_copy.o
        28          0          0          0          0          0   __scatter_zi.o
        22          0          0          0          0        100   _rserrno.o
        18          0          0          0          0         80   exit.o
         0          0          0          0          0          0   indicate_semi.o
         2          0          0          0          0          0   libinit.o
         2          0          0          0          0          0   libinit2.o
         2          0          0          0          0          0   libshutdown.o
         2          0          0          0          0          0   libshutdown2.o
         0          0          0          0         96          0   libspace.o
         8          4          0          0          0         68   rt_errno_addr_intlibspace.o
         2          0          0          0          0          0   rtexit.o
        10          0          0          0          0          0   rtexit2.o
        12          4          0          0          0         68   sys_exit.o
         2          0          0          0          0         68   use_no_semi.o
       826         16          0          0          0        348   daddsub_clz.o
        16          4          0          0          0         68   dcheck1.o
        24          0          0          0          0         68   dcmpi.o
       688        140          0          0          0        208   ddiv.o
        94          4          0          0          0         92   dfix.o
        84          0          0          0          0        136   dflt_clz.o
       120          4          0          0          0         92   dleqf.o
       340         12          0          0          0        104   dmul.o
       156          4          0          0          0         92   dnaninf.o
        12          0          0          0          0         68   dretinf.o
       108          0          0          0          0         80   drleqf.o
       408         56          0          0          0        120   dsqrt_umaal.o
       100          0          0          0          0         68   retnan.o
        92          0          0          0          0         68   scalbn.o
        48          0          0          0          0         68   trapv.o
         0          0          0          0          0          0   usenofp.o
        62         10          0          0          0        340   dunder.o
        40          0          0          0          0         68   fpclassify.o
       170          0          0          0          0         96   poly.o
      2520        190        136          0          0        324   pow.o
         0          0          8          0          0          0   qnan.o
        76          0          0          0          0         84   sqrt.o

    ----------------------------------------------------------------------
      6216        460        144          0         96       3044   Library Totals
        16          0          0          0          0          0   (incl. Padding)

    ----------------------------------------------------------------------

      Code (inc. data)   RO Data    RW Data    ZI Data      Debug   Library Name

       216         20          0          0         96        452   c_w.l
      3116        240          0          0          0       1680   fz_ws.l
      2868        200        144          0          0        912   m_ws.l

    ----------------------------------------------------------------------
      6216        460        144          0         96       3044   Library Totals

    ----------------------------------------------------------------------

==============================================================================


      Code (inc. data)   RO Data    RW Data    ZI Data      Debug   

      7168        622       1216        104       2156      12977   Grand Totals
      7168        622       1216        104       2156      12977   ELF Image Totals
      7168        622       1216        104          0          0   ROM Totals

==============================================================================

    Total RO  Size (Code + RO Data)                 8384 (   8.19kB)
    Total RW  Size (RW Data + ZI Data)              2260 (   2.21kB)
    Total ROM Size (Code + RO Data + RW Data)       8488 (   8.29kB)

==============================================================================

