


ARM Macro Assembler    Page 1 


    1 00000000         #line   1                "scopy.s"
    1 00000000         
    2 00000000                 PRESERVE8
    3 00000000                 AREA             SCopy, CODE, READONLY
    4 00000000                 EXPORT           strcopy
    5 00000000         strcopy
    6 00000000 F811 2B01       LDRB             r2, [r1], #1
    7 00000004 F800 2B01       STRB             r2, [r0], #1
    8 00000008 2A00            CMP              r2, #0
    9 0000000A D1FE            BNE              strcopy
   10 0000000C 4770            BX               lr
   11 0000000E                 END
Command Line: --debug --xref --cpreproc --diag_suppress=9931,1609,1581 --cpu=Co
rtex-M4 --apcs=interwork --depend=.\objects\scopy.d -o.\objects\scopy.o -IC:\Fr
eescale\KSDK_1.2.0\examples\twrk60d100m\engg3640f20labs\RTE -IC:\Keil_v5\ARM\PA
CK\Keil\Kinetis_K60_DFP\1.5.0\Device\Include -IC:\Keil_v5\ARM\CMSIS\Include --p
redefine="__UVISION_VERSION SETA 518" --predefine="MK60DN512xxx10 SETA 1" --pre
define="DEBUG SETA 1" --list=.\listings\scopy.lst scopy.s



ARM Macro Assembler    Page 1 Alphabetic symbol ordering
Relocatable symbols

SCopy 00000000

Symbol: SCopy
   Definitions
      At line 3 in file scopy.s
   Uses
      None
Comment: SCopy unused
strcopy 00000000

Symbol: strcopy
   Definitions
      At line 5 in file scopy.s
   Uses
      At line 4 in file scopy.s
      At line 9 in file scopy.s

2 symbols
335 symbols in table
